ARM Linker, 5.03 [Build 76] [MDK-ARM Lite]

==============================================================================

Section Cross References

    startup_tm4c123.o(STACK) refers (Special) to heapauxi.o(.text) for __use_two_region_memory
    startup_tm4c123.o(HEAP) refers (Special) to heapauxi.o(.text) for __use_two_region_memory
    startup_tm4c123.o(RESET) refers (Special) to heapauxi.o(.text) for __use_two_region_memory
    startup_tm4c123.o(RESET) refers to startup_tm4c123.o(STACK) for __initial_sp
    startup_tm4c123.o(RESET) refers to startup_tm4c123.o(.text) for Reset_Handler
    startup_tm4c123.o(.text) refers (Special) to heapauxi.o(.text) for __use_two_region_memory
    startup_tm4c123.o(.text) refers to system_tm4c123.o(.text) for SystemInit
    startup_tm4c123.o(.text) refers to __main.o(!!!main) for __main
    startup_tm4c123.o(.text) refers to startup_tm4c123.o(HEAP) for Heap_Mem
    startup_tm4c123.o(.text) refers to startup_tm4c123.o(STACK) for Stack_Mem
    system_tm4c123.o(.text) refers to system_tm4c123.o(.data) for SystemCoreClock
    main_file.o(.text) refers to system_tm4c123.o(.text) for SystemInit
    main_file.o(.text) refers to uart0.o(.text) for UART0_init
    main_file.o(.text) refers to strcmpv7m.o(.text) for strcmp
    main_file.o(.text) refers to h1_free.o(.text) for free
    uart0.o(.text) refers to dflt_clz.o(x$fpl$dfltu) for __aeabi_ui2d
    uart0.o(.text) refers to dmul.o(x$fpl$dmul) for __aeabi_dmul
    uart0.o(.text) refers to ddiv.o(x$fpl$ddiv) for __aeabi_ddiv
    uart0.o(.text) refers to d2f.o(x$fpl$d2f) for __aeabi_d2f
    uart0.o(.text) refers to ffix.o(x$fpl$ffix) for __aeabi_f2iz
    uart0.o(.text) refers to fflt_clz.o(x$fpl$fflt) for __aeabi_i2f
    uart0.o(.text) refers to faddsub_clz.o(x$fpl$frsb) for __aeabi_frsub
    uart0.o(.text) refers to fmul.o(x$fpl$fmul) for __aeabi_fmul
    uart0.o(.text) refers to f2d.o(x$fpl$f2d) for __aeabi_f2d
    uart0.o(.text) refers to daddsub_clz.o(x$fpl$dadd) for __aeabi_dadd
    uart0.o(.text) refers to dfix.o(x$fpl$dfix) for __aeabi_d2iz
    uart0.o(.text) refers to h1_alloc.o(.text) for malloc
    malloc.o(.text) refers (Special) to hguard.o(.text) for __heap$guard
    malloc.o(.text) refers (Special) to init_alloc.o(.text) for _init_alloc
    malloc.o(.text) refers to rt_heap_descriptor_intlibspace.o(.text) for __rt_heap_descriptor
    malloc.o(.text) refers to heapstubs.o(.text) for __Heap_Alloc
    free.o(.text) refers (Special) to hguard.o(.text) for __heap$guard
    free.o(.text) refers to rt_heap_descriptor_intlibspace.o(.text) for __rt_heap_descriptor
    free.o(.text) refers to heapstubs.o(.text) for __Heap_Free
    h1_alloc.o(.text) refers (Special) to h1_init.o(.text) for __Heap_Initialize
    h1_alloc.o(.text) refers to rt_heap_descriptor_intlibspace.o(.text) for __rt_heap_descriptor
    h1_alloc.o(.text) refers to init_alloc.o(.text) for __Heap_Full
    h1_free.o(.text) refers to rt_heap_descriptor_intlibspace.o(.text) for __rt_heap_descriptor
    h1_alloc_mt.o(.text) refers (Special) to h1_init.o(.text) for __Heap_Initialize
    h1_alloc_mt.o(.text) refers to init_alloc.o(.text) for __Heap_Full
    h1_alloc_mt.o(.text) refers to rt_heap_descriptor_intlibspace.o(.text) for __rt_heap_descriptor
    h1_free_mt.o(.text) refers to rt_heap_descriptor_intlibspace.o(.text) for __rt_heap_descriptor
    heap2.o(i._FDIterate) refers to heap2.o(.constdata) for .constdata
    heap2.o(i.___Heap_ProvideMemory$realtime) refers to fdtree.o(i._FDTree_Delete) for _FDTree_Delete
    heap2.o(i.___Heap_ProvideMemory$realtime) refers to fdtree.o(i._FDTree_Insert) for _FDTree_Insert
    heap2.o(i.___Heap_Stats$realtime) refers to heap2.o(i._Heap2_StatsIterate) for _Heap2_StatsIterate
    heap2.o(i.___Heap_Valid$realtime) refers to heap2.o(i._FDIterate) for _FDIterate
    heap2.o(i.___Heap_Valid$realtime) refers to heap2.o(.constdata) for .constdata
    heap2.o(i._free$realtime) refers to rt_heap_descriptor_intlibspace.o(.text) for __rt_heap_descriptor
    heap2.o(i._free$realtime) refers to fdtree.o(i._FDTree_Delete) for _FDTree_Delete
    heap2.o(i._free$realtime) refers to fdtree.o(i._FDTree_Insert) for _FDTree_Insert
    heap2.o(i._malloc$realtime) refers to rt_heap_descriptor_intlibspace.o(.text) for __rt_heap_descriptor
    heap2.o(i._malloc$realtime) refers to fdtree.o(i._FDTree_FindFirst) for _FDTree_FindFirst
    heap2.o(i._malloc$realtime) refers to init_alloc.o(.text) for __Heap_Full
    heap2.o(i._malloc$realtime) refers to fdtree.o(i._FDTree_RemoveNode) for _FDTree_RemoveNode
    heap2.o(i._malloc$realtime) refers to fdtree.o(i._FDTree_Insert) for _FDTree_Insert
    heap2.o(i._posix_memalign$realtime) refers to rt_heap_descriptor_intlibspace.o(.text) for __rt_heap_descriptor
    heap2.o(i._posix_memalign$realtime) refers to fdtree.o(i._FDTree_FindFirst) for _FDTree_FindFirst
    heap2.o(i._posix_memalign$realtime) refers to init_alloc.o(.text) for __Heap_Full
    heap2.o(i._posix_memalign$realtime) refers to fdtree.o(i._FDTree_RemoveNode) for _FDTree_RemoveNode
    heap2.o(i._posix_memalign$realtime) refers to fdtree.o(i._FDTree_Insert) for _FDTree_Insert
    heap2.o(i._realloc$realtime) refers to rt_heap_descriptor_intlibspace.o(.text) for __rt_heap_descriptor
    heap2.o(i._realloc$realtime) refers to fdtree.o(i._FDTree_Insert) for _FDTree_Insert
    heap2.o(i._realloc$realtime) refers to h1_free.o(.text) for free
    heap2.o(i._realloc$realtime) refers to h1_alloc.o(.text) for malloc
    heap2.o(i._realloc$realtime) refers to fdtree.o(i._FDTree_Delete) for _FDTree_Delete
    heap2.o(i._realloc$realtime) refers to rt_memcpy_w.o(.text) for __aeabi_memcpy4
    heap2mt.o(i._FDIterate) refers to heap2mt.o(.constdata) for .constdata
    heap2mt.o(i.___Heap_Initialize$realtime$concurrent) refers to mutex_dummy.o(.text) for _mutex_initialize
    heap2mt.o(i.___Heap_ProvideMemory$realtime$concurrent) refers to fdtree.o(i._FDTree_Delete) for _FDTree_Delete
    heap2mt.o(i.___Heap_ProvideMemory$realtime$concurrent) refers to fdtree.o(i._FDTree_Insert) for _FDTree_Insert
    heap2mt.o(i.___Heap_Stats$realtime$concurrent) refers to heap2mt.o(i._Heap2_StatsIterate) for _Heap2_StatsIterate
    heap2mt.o(i.___Heap_Valid$realtime$concurrent) refers to heap2mt.o(i._FDIterate) for _FDIterate
    heap2mt.o(i.___Heap_Valid$realtime$concurrent) refers to heap2mt.o(.constdata) for .constdata
    heap2mt.o(i._free$realtime$concurrent) refers to rt_heap_descriptor_intlibspace.o(.text) for __rt_heap_descriptor
    heap2mt.o(i._free$realtime$concurrent) refers to fdtree.o(i._FDTree_Delete) for _FDTree_Delete
    heap2mt.o(i._free$realtime$concurrent) refers to fdtree.o(i._FDTree_Insert) for _FDTree_Insert
    heap2mt.o(i._malloc$realtime$concurrent) refers to rt_heap_descriptor_intlibspace.o(.text) for __rt_heap_descriptor
    heap2mt.o(i._malloc$realtime$concurrent) refers to fdtree.o(i._FDTree_FindFirst) for _FDTree_FindFirst
    heap2mt.o(i._malloc$realtime$concurrent) refers to init_alloc.o(.text) for __Heap_Full
    heap2mt.o(i._malloc$realtime$concurrent) refers to fdtree.o(i._FDTree_RemoveNode) for _FDTree_RemoveNode
    heap2mt.o(i._malloc$realtime$concurrent) refers to fdtree.o(i._FDTree_Insert) for _FDTree_Insert
    heap2mt.o(i._posix_memalign$realtime$concurrent) refers to rt_heap_descriptor_intlibspace.o(.text) for __rt_heap_descriptor
    heap2mt.o(i._posix_memalign$realtime$concurrent) refers to fdtree.o(i._FDTree_FindFirst) for _FDTree_FindFirst
    heap2mt.o(i._posix_memalign$realtime$concurrent) refers to init_alloc.o(.text) for __Heap_Full
    heap2mt.o(i._posix_memalign$realtime$concurrent) refers to fdtree.o(i._FDTree_RemoveNode) for _FDTree_RemoveNode
    heap2mt.o(i._posix_memalign$realtime$concurrent) refers to fdtree.o(i._FDTree_Insert) for _FDTree_Insert
    heap2mt.o(i._realloc$realtime$concurrent) refers to rt_heap_descriptor_intlibspace.o(.text) for __rt_heap_descriptor
    heap2mt.o(i._realloc$realtime$concurrent) refers to fdtree.o(i._FDTree_Insert) for _FDTree_Insert
    heap2mt.o(i._realloc$realtime$concurrent) refers to h1_free.o(.text) for free
    heap2mt.o(i._realloc$realtime$concurrent) refers to h1_alloc.o(.text) for malloc
    heap2mt.o(i._realloc$realtime$concurrent) refers to fdtree.o(i._FDTree_Delete) for _FDTree_Delete
    heap2mt.o(i._realloc$realtime$concurrent) refers to rt_memcpy_w.o(.text) for __aeabi_memcpy4
    __main.o(!!!main) refers to rtentry.o(.ARM.Collect$$rtentry$$00000000) for __rt_entry
    d2f.o(x$fpl$d2f) refers (Special) to usenofp.o(x$fpl$usenofp) for __I$use$fp
    d2f.o(x$fpl$d2f) refers to fretinf.o(x$fpl$fretinf) for __fpl_fretinf
    d2f.o(x$fpl$d2f) refers to dnaninf.o(x$fpl$dnaninf) for __fpl_dnaninf
    daddsub_clz.o(x$fpl$dadd) refers (Special) to usenofp.o(x$fpl$usenofp) for __I$use$fp
    daddsub_clz.o(x$fpl$dadd) refers to daddsub_clz.o(x$fpl$dsub) for _dsub1
    daddsub_clz.o(x$fpl$dadd) refers to dretinf.o(x$fpl$dretinf) for __fpl_dretinf
    daddsub_clz.o(x$fpl$dadd) refers to dnaninf.o(x$fpl$dnaninf) for __fpl_dnaninf
    daddsub_clz.o(x$fpl$drsb) refers (Special) to usenofp.o(x$fpl$usenofp) for __I$use$fp
    daddsub_clz.o(x$fpl$drsb) refers to daddsub_clz.o(x$fpl$dadd) for _dadd1
    daddsub_clz.o(x$fpl$drsb) refers to daddsub_clz.o(x$fpl$dsub) for _dsub1
    daddsub_clz.o(x$fpl$dsub) refers (Special) to usenofp.o(x$fpl$usenofp) for __I$use$fp
    daddsub_clz.o(x$fpl$dsub) refers to daddsub_clz.o(x$fpl$dadd) for _dadd1
    daddsub_clz.o(x$fpl$dsub) refers to dnaninf.o(x$fpl$dnaninf) for __fpl_dnaninf
    ddiv.o(x$fpl$drdiv) refers (Special) to usenofp.o(x$fpl$usenofp) for __I$use$fp
    ddiv.o(x$fpl$drdiv) refers to ddiv.o(x$fpl$ddiv) for ddiv_entry
    ddiv.o(x$fpl$ddiv) refers (Special) to usenofp.o(x$fpl$usenofp) for __I$use$fp
    ddiv.o(x$fpl$ddiv) refers to dretinf.o(x$fpl$dretinf) for __fpl_dretinf
    ddiv.o(x$fpl$ddiv) refers to dnaninf.o(x$fpl$dnaninf) for __fpl_dnaninf
    dfix.o(x$fpl$dfix) refers (Special) to usenofp.o(x$fpl$usenofp) for __I$use$fp
    dfix.o(x$fpl$dfix) refers to dnaninf.o(x$fpl$dnaninf) for __fpl_dnaninf
    dfix.o(x$fpl$dfixr) refers (Special) to usenofp.o(x$fpl$usenofp) for __I$use$fp
    dfix.o(x$fpl$dfixr) refers to dnaninf.o(x$fpl$dnaninf) for __fpl_dnaninf
    dflt_clz.o(x$fpl$dfltu) refers (Special) to usenofp.o(x$fpl$usenofp) for __I$use$fp
    dflt_clz.o(x$fpl$dflt) refers (Special) to usenofp.o(x$fpl$usenofp) for __I$use$fp
    dflt_clz.o(x$fpl$dfltn) refers (Special) to usenofp.o(x$fpl$usenofp) for __I$use$fp
    dmul.o(x$fpl$dmul) refers (Special) to usenofp.o(x$fpl$usenofp) for __I$use$fp
    dmul.o(x$fpl$dmul) refers to dretinf.o(x$fpl$dretinf) for __fpl_dretinf
    dmul.o(x$fpl$dmul) refers to dnaninf.o(x$fpl$dnaninf) for __fpl_dnaninf
    f2d.o(x$fpl$f2d) refers (Special) to usenofp.o(x$fpl$usenofp) for __I$use$fp
    f2d.o(x$fpl$f2d) refers to fnaninf.o(x$fpl$fnaninf) for __fpl_fnaninf
    f2d.o(x$fpl$f2d) refers to dretinf.o(x$fpl$dretinf) for __fpl_dretinf
    faddsub_clz.o(x$fpl$fadd) refers (Special) to usenofp.o(x$fpl$usenofp) for __I$use$fp
    faddsub_clz.o(x$fpl$fadd) refers to faddsub_clz.o(x$fpl$fsub) for _fsub1
    faddsub_clz.o(x$fpl$fadd) refers to fretinf.o(x$fpl$fretinf) for __fpl_fretinf
    faddsub_clz.o(x$fpl$fadd) refers to fnaninf.o(x$fpl$fnaninf) for __fpl_fnaninf
    faddsub_clz.o(x$fpl$frsb) refers (Special) to usenofp.o(x$fpl$usenofp) for __I$use$fp
    faddsub_clz.o(x$fpl$frsb) refers to faddsub_clz.o(x$fpl$fadd) for _fadd1
    faddsub_clz.o(x$fpl$frsb) refers to faddsub_clz.o(x$fpl$fsub) for _fsub1
    faddsub_clz.o(x$fpl$fsub) refers (Special) to usenofp.o(x$fpl$usenofp) for __I$use$fp
    faddsub_clz.o(x$fpl$fsub) refers to faddsub_clz.o(x$fpl$fadd) for _fadd1
    faddsub_clz.o(x$fpl$fsub) refers to fnaninf.o(x$fpl$fnaninf) for __fpl_fnaninf
    ffix.o(x$fpl$ffix) refers (Special) to usenofp.o(x$fpl$usenofp) for __I$use$fp
    ffix.o(x$fpl$ffix) refers to fnaninf.o(x$fpl$fnaninf) for __fpl_fnaninf
    ffix.o(x$fpl$ffixr) refers (Special) to usenofp.o(x$fpl$usenofp) for __I$use$fp
    ffix.o(x$fpl$ffixr) refers to fnaninf.o(x$fpl$fnaninf) for __fpl_fnaninf
    fflt_clz.o(x$fpl$ffltu) refers (Special) to usenofp.o(x$fpl$usenofp) for __I$use$fp
    fflt_clz.o(x$fpl$fflt) refers (Special) to usenofp.o(x$fpl$usenofp) for __I$use$fp
    fflt_clz.o(x$fpl$ffltn) refers (Special) to usenofp.o(x$fpl$usenofp) for __I$use$fp
    fmul.o(x$fpl$fmul) refers (Special) to usenofp.o(x$fpl$usenofp) for __I$use$fp
    fmul.o(x$fpl$fmul) refers to fretinf.o(x$fpl$fretinf) for __fpl_fretinf
    fmul.o(x$fpl$fmul) refers to fnaninf.o(x$fpl$fnaninf) for __fpl_fnaninf
    rtentry.o(.ARM.Collect$$rtentry$$00000000) refers (Special) to rtentry2.o(.ARM.Collect$$rtentry$$0000000A) for __rt_entry_li
    rtentry.o(.ARM.Collect$$rtentry$$00000000) refers (Special) to rtentry2.o(.ARM.Collect$$rtentry$$0000000D) for __rt_entry_main
    rtentry.o(.ARM.Collect$$rtentry$$00000000) refers (Special) to rtentry2.o(.ARM.Collect$$rtentry$$0000000C) for __rt_entry_postli_1
    rtentry.o(.ARM.Collect$$rtentry$$00000000) refers (Special) to rtentry2.o(.ARM.Collect$$rtentry$$00000009) for __rt_entry_postsh_1
    rtentry.o(.ARM.Collect$$rtentry$$00000000) refers (Special) to rtentry2.o(.ARM.Collect$$rtentry$$00000002) for __rt_entry_presh_1
    rtentry.o(.ARM.Collect$$rtentry$$00000000) refers (Special) to rtentry4.o(.ARM.Collect$$rtentry$$00000004) for __rt_entry_sh
    rt_heap_descriptor.o(.text) refers to rt_heap_descriptor.o(.bss) for __rt_heap_descriptor_data
    rt_heap_descriptor_intlibspace.o(.text) refers to libspace.o(.bss) for __libspace_start
    init_alloc.o(.text) refers (Special) to hguard.o(.text) for __heap$guard
    init_alloc.o(.text) refers (Special) to libinit2.o(.ARM.Collect$$libinit$$00000003) for __rt_lib_init_heap_2
    init_alloc.o(.text) refers (Special) to maybetermalloc1.o(.emb_text) for _maybe_terminate_alloc
    init_alloc.o(.text) refers to h1_extend.o(.text) for __Heap_ProvideMemory
    init_alloc.o(.text) refers to defsig_rtmem_outer.o(.text) for __rt_SIGRTMEM
    init_alloc.o(.text) refers to rt_heap_descriptor_intlibspace.o(.text) for __rt_heap_descriptor
    init_alloc.o(.text) refers to h1_init.o(.text) for __Heap_Initialize
    h1_init_mt.o(.text) refers to mutex_dummy.o(.text) for _mutex_initialize
    _get_argv.o(.text) refers (Special) to hrguard.o(.text) for __heap_region$guard
    _get_argv.o(.text) refers to h1_alloc.o(.text) for malloc
    _get_argv.o(.text) refers to defsig_rtmem_outer.o(.text) for __rt_SIGRTMEM
    _get_argv.o(.text) refers to sys_command.o(.text) for _sys_command_string
    libinit2.o(.ARM.Collect$$libinit$$00000003) refers (Weak) to init_alloc.o(.text) for _init_alloc
    libinit2.o(.ARM.Collect$$libinit$$0000000E) refers to libinit2.o(.ARM.Collect$$libinit$$0000000D) for .ARM.Collect$$libinit$$0000000D
    libinit2.o(.ARM.Collect$$libinit$$00000010) refers to libinit2.o(.ARM.Collect$$libinit$$0000000D) for .ARM.Collect$$libinit$$0000000D
    libinit2.o(.ARM.Collect$$libinit$$00000012) refers to libinit2.o(.ARM.Collect$$libinit$$0000000D) for .ARM.Collect$$libinit$$0000000D
    libinit2.o(.ARM.Collect$$libinit$$00000014) refers to libinit2.o(.ARM.Collect$$libinit$$0000000D) for .ARM.Collect$$libinit$$0000000D
    libinit2.o(.ARM.Collect$$libinit$$00000016) refers to libinit2.o(.ARM.Collect$$libinit$$0000000D) for .ARM.Collect$$libinit$$0000000D
    libinit2.o(.ARM.Collect$$libinit$$00000024) refers to argv_veneer.o(.emb_text) for __ARM_argv_veneer
    libinit2.o(.ARM.Collect$$libinit$$00000025) refers to argv_veneer.o(.emb_text) for __ARM_argv_veneer
    dnaninf.o(x$fpl$dnaninf) refers (Special) to usenofp.o(x$fpl$usenofp) for __I$use$fp
    dretinf.o(x$fpl$dretinf) refers (Special) to usenofp.o(x$fpl$usenofp) for __I$use$fp
    fnaninf.o(x$fpl$fnaninf) refers (Special) to usenofp.o(x$fpl$usenofp) for __I$use$fp
    fretinf.o(x$fpl$fretinf) refers (Special) to usenofp.o(x$fpl$usenofp) for __I$use$fp
    sys_command.o(.text) refers (Special) to use_no_semi.o(.text) for __I$use$semihosting
    sys_command.o(.text) refers (Special) to indicate_semi.o(.text) for __semihosting_library_function
    libspace.o(.text) refers to libspace.o(.bss) for __libspace_start
    rtentry2.o(.ARM.Collect$$rtentry$$00000008) refers to boardinit2.o(.text) for _platform_post_stackheap_init
    rtentry2.o(.ARM.Collect$$rtentry$$0000000A) refers to libinit.o(.ARM.Collect$$libinit$$00000000) for __rt_lib_init
    rtentry2.o(.ARM.Collect$$rtentry$$0000000B) refers to boardinit3.o(.text) for _platform_post_lib_init
    rtentry2.o(.ARM.Collect$$rtentry$$0000000D) refers to main_file.o(.text) for main
    rtentry2.o(.ARM.Collect$$rtentry$$0000000D) refers to exit.o(.text) for exit
    rtentry2.o(.ARM.exidx) refers to rtentry2.o(.ARM.Collect$$rtentry$$00000001) for .ARM.Collect$$rtentry$$00000001
    rtentry2.o(.ARM.exidx) refers to rtentry2.o(.ARM.Collect$$rtentry$$00000008) for .ARM.Collect$$rtentry$$00000008
    rtentry2.o(.ARM.exidx) refers to rtentry2.o(.ARM.Collect$$rtentry$$0000000A) for .ARM.Collect$$rtentry$$0000000A
    rtentry2.o(.ARM.exidx) refers to rtentry2.o(.ARM.Collect$$rtentry$$0000000B) for .ARM.Collect$$rtentry$$0000000B
    rtentry2.o(.ARM.exidx) refers to rtentry2.o(.ARM.Collect$$rtentry$$0000000D) for .ARM.Collect$$rtentry$$0000000D
    rtentry4.o(.ARM.Collect$$rtentry$$00000004) refers to sys_stackheap_outer.o(.text) for __user_setup_stackheap
    rtentry4.o(.ARM.exidx) refers to rtentry4.o(.ARM.Collect$$rtentry$$00000004) for .ARM.Collect$$rtentry$$00000004
    maybetermalloc2.o(.emb_text) refers (Special) to term_alloc.o(.text) for _terminate_alloc
    h1_extend.o(.text) refers to h1_free.o(.text) for free
    h1_extend_mt.o(.text) refers to h1_free_mt.o(.text) for _free_internal
    defsig_rtmem_outer.o(.text) refers to defsig_rtmem_inner.o(.text) for __rt_SIGRTMEM_inner
    defsig_rtmem_outer.o(.text) refers to defsig_exit.o(.text) for __sig_exit
    defsig_rtmem_formal.o(.text) refers to rt_raise.o(.text) for __rt_raise
    heapauxa.o(.text) refers to heapauxa.o(.data) for .data
    argv_veneer.o(.emb_text) refers to no_argv.o(.text) for __ARM_get_argv
    sys_stackheap_outer.o(.text) refers to libspace.o(.text) for __user_perproc_libspace
    sys_stackheap_outer.o(.text) refers to startup_tm4c123.o(.text) for __user_initial_stackheap
    rt_raise.o(.text) refers to __raise.o(.text) for __raise
    rt_raise.o(.text) refers to sys_exit.o(.text) for _sys_exit
    term_alloc.o(.text) refers (Special) to libshutdown2.o(.ARM.Collect$$libshutdown$$0000000D) for __rt_lib_shutdown_heap_2
    term_alloc.o(.text) refers to rt_heap_descriptor_intlibspace.o(.text) for __rt_heap_descriptor
    term_alloc.o(.text) refers to h1_final.o(.text) for __Heap_Finalize
    exit.o(.text) refers to rtexit.o(.ARM.Collect$$rtexit$$00000000) for __rt_exit
    defsig_exit.o(.text) refers to sys_exit.o(.text) for _sys_exit
    defsig_rtmem_inner.o(.text) refers to defsig_general.o(.text) for __default_signal_display
    _get_argv_nomalloc.o(.text) refers (Special) to hrguard.o(.text) for __heap_region$guard
    _get_argv_nomalloc.o(.text) refers to defsig_rtmem_outer.o(.text) for __rt_SIGRTMEM
    _get_argv_nomalloc.o(.text) refers to sys_command.o(.text) for _sys_command_string
    libinit.o(.ARM.Collect$$libinit$$00000000) refers (Special) to libinit2.o(.ARM.Collect$$libinit$$0000002C) for __rt_lib_init_alloca_1
    libinit.o(.ARM.Collect$$libinit$$00000000) refers (Special) to libinit2.o(.ARM.Collect$$libinit$$0000002A) for __rt_lib_init_argv_1
    libinit.o(.ARM.Collect$$libinit$$00000000) refers (Special) to libinit2.o(.ARM.Collect$$libinit$$00000019) for __rt_lib_init_atexit_1
    libinit.o(.ARM.Collect$$libinit$$00000000) refers (Special) to libinit2.o(.ARM.Collect$$libinit$$0000001F) for __rt_lib_init_clock_1
    libinit.o(.ARM.Collect$$libinit$$00000000) refers (Special) to libinit2.o(.ARM.Collect$$libinit$$00000030) for __rt_lib_init_cpp_1
    libinit.o(.ARM.Collect$$libinit$$00000000) refers (Special) to libinit2.o(.ARM.Collect$$libinit$$0000002E) for __rt_lib_init_exceptions_1
    libinit.o(.ARM.Collect$$libinit$$00000000) refers (Special) to libinit2.o(.ARM.Collect$$libinit$$00000002) for __rt_lib_init_fp_1
    libinit.o(.ARM.Collect$$libinit$$00000000) refers (Special) to libinit2.o(.ARM.Collect$$libinit$$0000001D) for __rt_lib_init_fp_trap_1
    libinit.o(.ARM.Collect$$libinit$$00000000) refers (Special) to libinit2.o(.ARM.Collect$$libinit$$00000021) for __rt_lib_init_getenv_1
    libinit.o(.ARM.Collect$$libinit$$00000000) refers (Special) to libinit2.o(.ARM.Collect$$libinit$$00000008) for __rt_lib_init_heap_1
    libinit.o(.ARM.Collect$$libinit$$00000000) refers (Special) to libinit2.o(.ARM.Collect$$libinit$$0000000F) for __rt_lib_init_lc_collate_1
    libinit.o(.ARM.Collect$$libinit$$00000000) refers (Special) to libinit2.o(.ARM.Collect$$libinit$$00000011) for __rt_lib_init_lc_ctype_1
    libinit.o(.ARM.Collect$$libinit$$00000000) refers (Special) to libinit2.o(.ARM.Collect$$libinit$$00000013) for __rt_lib_init_lc_monetary_1
    libinit.o(.ARM.Collect$$libinit$$00000000) refers (Special) to libinit2.o(.ARM.Collect$$libinit$$00000015) for __rt_lib_init_lc_numeric_1
    libinit.o(.ARM.Collect$$libinit$$00000000) refers (Special) to libinit2.o(.ARM.Collect$$libinit$$00000017) for __rt_lib_init_lc_time_1
    libinit.o(.ARM.Collect$$libinit$$00000000) refers (Special) to libinit2.o(.ARM.Collect$$libinit$$0000000C) for __rt_lib_init_rand_1
    libinit.o(.ARM.Collect$$libinit$$00000000) refers (Special) to libinit2.o(.ARM.Collect$$libinit$$00000031) for __rt_lib_init_return
    libinit.o(.ARM.Collect$$libinit$$00000000) refers (Special) to libinit2.o(.ARM.Collect$$libinit$$0000001B) for __rt_lib_init_signal_1
    libinit.o(.ARM.Collect$$libinit$$00000000) refers (Special) to libinit2.o(.ARM.Collect$$libinit$$00000023) for __rt_lib_init_stdio_1
    libinit.o(.ARM.Collect$$libinit$$00000000) refers (Special) to libinit2.o(.ARM.Collect$$libinit$$0000000A) for __rt_lib_init_user_alloc_1
    sys_exit.o(.text) refers (Special) to use_no_semi.o(.text) for __I$use$semihosting
    sys_exit.o(.text) refers (Special) to indicate_semi.o(.text) for __semihosting_library_function
    rtexit.o(.ARM.Collect$$rtexit$$00000000) refers (Special) to rtexit2.o(.ARM.Collect$$rtexit$$00000004) for __rt_exit_exit
    rtexit.o(.ARM.Collect$$rtexit$$00000000) refers (Special) to rtexit2.o(.ARM.Collect$$rtexit$$00000003) for __rt_exit_ls
    rtexit.o(.ARM.Collect$$rtexit$$00000000) refers (Special) to rtexit2.o(.ARM.Collect$$rtexit$$00000002) for __rt_exit_prels_1
    rtexit.o(.ARM.exidx) refers (Special) to rtexit2.o(.ARM.Collect$$rtexit$$00000004) for __rt_exit_exit
    rtexit.o(.ARM.exidx) refers (Special) to rtexit2.o(.ARM.Collect$$rtexit$$00000003) for __rt_exit_ls
    rtexit.o(.ARM.exidx) refers (Special) to rtexit2.o(.ARM.Collect$$rtexit$$00000002) for __rt_exit_prels_1
    rtexit.o(.ARM.exidx) refers to rtexit.o(.ARM.Collect$$rtexit$$00000000) for .ARM.Collect$$rtexit$$00000000
    __raise.o(.text) refers to defsig.o(CL$$defsig) for __default_signal_handler
    defsig_general.o(.text) refers to sys_wrch.o(.text) for _ttywrch
    libshutdown2.o(.ARM.Collect$$libshutdown$$0000000C) refers (Weak) to term_alloc.o(.text) for _terminate_alloc
    sys_wrch.o(.text) refers (Special) to use_no_semi.o(.text) for __I$use$semihosting
    sys_wrch.o(.text) refers (Special) to indicate_semi.o(.text) for __semihosting_library_function
    rtexit2.o(.ARM.Collect$$rtexit$$00000003) refers to libshutdown.o(.ARM.Collect$$libshutdown$$00000000) for __rt_lib_shutdown
    rtexit2.o(.ARM.Collect$$rtexit$$00000004) refers to sys_exit.o(.text) for _sys_exit
    rtexit2.o(.ARM.exidx) refers to rtexit2.o(.ARM.Collect$$rtexit$$00000001) for .ARM.Collect$$rtexit$$00000001
    rtexit2.o(.ARM.exidx) refers to rtexit2.o(.ARM.Collect$$rtexit$$00000003) for .ARM.Collect$$rtexit$$00000003
    rtexit2.o(.ARM.exidx) refers to rtexit2.o(.ARM.Collect$$rtexit$$00000004) for .ARM.Collect$$rtexit$$00000004
    defsig.o(CL$$defsig) refers to defsig_rtmem_inner.o(.text) for __rt_SIGRTMEM_inner
    defsig_abrt_inner.o(.text) refers to defsig_general.o(.text) for __default_signal_display
    defsig_fpe_inner.o(.text) refers to defsig_general.o(.text) for __default_signal_display
    defsig_rtred_inner.o(.text) refers to defsig_general.o(.text) for __default_signal_display
    defsig_stak_inner.o(.text) refers to defsig_general.o(.text) for __default_signal_display
    defsig_pvfn_inner.o(.text) refers to defsig_general.o(.text) for __default_signal_display
    defsig_cppl_inner.o(.text) refers to defsig_general.o(.text) for __default_signal_display
    defsig_segv_inner.o(.text) refers to defsig_general.o(.text) for __default_signal_display
    defsig_other.o(.text) refers to defsig_general.o(.text) for __default_signal_display
    libshutdown.o(.ARM.Collect$$libshutdown$$00000000) refers (Special) to libshutdown2.o(.ARM.Collect$$libshutdown$$00000006) for __rt_lib_shutdown_fp_trap_1
    libshutdown.o(.ARM.Collect$$libshutdown$$00000000) refers (Special) to libshutdown2.o(.ARM.Collect$$libshutdown$$0000000E) for __rt_lib_shutdown_heap_1
    libshutdown.o(.ARM.Collect$$libshutdown$$00000000) refers (Special) to libshutdown2.o(.ARM.Collect$$libshutdown$$0000000F) for __rt_lib_shutdown_return
    libshutdown.o(.ARM.Collect$$libshutdown$$00000000) refers (Special) to libshutdown2.o(.ARM.Collect$$libshutdown$$00000009) for __rt_lib_shutdown_signal_1
    libshutdown.o(.ARM.Collect$$libshutdown$$00000000) refers (Special) to libshutdown2.o(.ARM.Collect$$libshutdown$$00000003) for __rt_lib_shutdown_stdio_1
    libshutdown.o(.ARM.Collect$$libshutdown$$00000000) refers (Special) to libshutdown2.o(.ARM.Collect$$libshutdown$$0000000B) for __rt_lib_shutdown_user_alloc_1


==============================================================================

Removing Unused input sections from the image.

    Removing system_tm4c123.o(.rev16_text), (4 bytes).
    Removing system_tm4c123.o(.revsh_text), (4 bytes).
    Removing main_file.o(.rev16_text), (4 bytes).
    Removing main_file.o(.revsh_text), (4 bytes).
    Removing gpio.o(.rev16_text), (4 bytes).
    Removing gpio.o(.revsh_text), (4 bytes).
    Removing gpio.o(.text), (92 bytes).
    Removing delay.o(.rev16_text), (4 bytes).
    Removing delay.o(.revsh_text), (4 bytes).
    Removing delay.o(.text), (52 bytes).
    Removing uart0.o(.rev16_text), (4 bytes).
    Removing uart0.o(.revsh_text), (4 bytes).

12 unused section(s) (total 184 bytes) removed from the image.

==============================================================================

Image Symbol Table

    Local Symbols

    Symbol Name                              Value     Ov Type        Size  Object(Section)

    RESET                                    0x00000000   Section      620  startup_tm4c123.o(RESET)
    ../clib/angel/boardlib.s                 0x00000000   Number         0  boardshut.o ABSOLUTE
    ../clib/angel/boardlib.s                 0x00000000   Number         0  boardinit2.o ABSOLUTE
    ../clib/angel/boardlib.s                 0x00000000   Number         0  boardinit3.o ABSOLUTE
    ../clib/angel/boardlib.s                 0x00000000   Number         0  boardinit1.o ABSOLUTE
    ../clib/angel/handlers.s                 0x00000000   Number         0  __scatter_copy.o ABSOLUTE
    ../clib/angel/handlers.s                 0x00000000   Number         0  __scatter_zi.o ABSOLUTE
    ../clib/angel/kernel.s                   0x00000000   Number         0  rtexit.o ABSOLUTE
    ../clib/angel/kernel.s                   0x00000000   Number         0  rtentry2.o ABSOLUTE
    ../clib/angel/kernel.s                   0x00000000   Number         0  rtentry.o ABSOLUTE
    ../clib/angel/kernel.s                   0x00000000   Number         0  rtexit2.o ABSOLUTE
    ../clib/angel/kernel.s                   0x00000000   Number         0  rtentry4.o ABSOLUTE
    ../clib/angel/rt.s                       0x00000000   Number         0  rt_raise.o ABSOLUTE
    ../clib/angel/rt.s                       0x00000000   Number         0  rt_heap_descriptor_intlibspace.o ABSOLUTE
    ../clib/angel/rt.s                       0x00000000   Number         0  rt_heap_descriptor.o ABSOLUTE
    ../clib/angel/scatter.s                  0x00000000   Number         0  __scatter.o ABSOLUTE
    ../clib/angel/startup.s                  0x00000000   Number         0  __main.o ABSOLUTE
    ../clib/angel/sys.s                      0x00000000   Number         0  libspace.o ABSOLUTE
    ../clib/angel/sys.s                      0x00000000   Number         0  mutex_dummy.o ABSOLUTE
    ../clib/angel/sys.s                      0x00000000   Number         0  use_no_semi.o ABSOLUTE
    ../clib/angel/sys.s                      0x00000000   Number         0  indicate_semi.o ABSOLUTE
    ../clib/angel/sys.s                      0x00000000   Number         0  sys_stackheap_outer.o ABSOLUTE
    ../clib/angel/sysapp.c                   0x00000000   Number         0  sys_exit.o ABSOLUTE
    ../clib/angel/sysapp.c                   0x00000000   Number         0  sys_command.o ABSOLUTE
    ../clib/angel/sysapp.c                   0x00000000   Number         0  sys_wrch.o ABSOLUTE
    ../clib/armsys.c                         0x00000000   Number         0  argv_veneer.o ABSOLUTE
    ../clib/armsys.c                         0x00000000   Number         0  _get_argv_nomalloc.o ABSOLUTE
    ../clib/armsys.c                         0x00000000   Number         0  no_argv.o ABSOLUTE
    ../clib/armsys.c                         0x00000000   Number         0  argv_veneer.o ABSOLUTE
    ../clib/armsys.c                         0x00000000   Number         0  _get_argv.o ABSOLUTE
    ../clib/heap1.c                          0x00000000   Number         0  h1_final_mt.o ABSOLUTE
    ../clib/heap1.c                          0x00000000   Number         0  h1_final.o ABSOLUTE
    ../clib/heap1.c                          0x00000000   Number         0  h1_alloc_mt.o ABSOLUTE
    ../clib/heap1.c                          0x00000000   Number         0  h1_init.o ABSOLUTE
    ../clib/heap1.c                          0x00000000   Number         0  h1_extend_mt.o ABSOLUTE
    ../clib/heap1.c                          0x00000000   Number         0  h1_extend.o ABSOLUTE
    ../clib/heap1.c                          0x00000000   Number         0  h1_init_mt.o ABSOLUTE
    ../clib/heap1.c                          0x00000000   Number         0  h1_free.o ABSOLUTE
    ../clib/heap1.c                          0x00000000   Number         0  h1_free_mt.o ABSOLUTE
    ../clib/heap1.c                          0x00000000   Number         0  h1_alloc.o ABSOLUTE
    ../clib/heap2.c                          0x00000000   Number         0  fdtree.o ABSOLUTE
    ../clib/heap2.c                          0x00000000   Number         0  heap2mt.o ABSOLUTE
    ../clib/heap2.c                          0x00000000   Number         0  heap2.o ABSOLUTE
    ../clib/heapalloc.c                      0x00000000   Number         0  maybetermalloc1.o ABSOLUTE
    ../clib/heapalloc.c                      0x00000000   Number         0  heapstubs.o ABSOLUTE
    ../clib/heapalloc.c                      0x00000000   Number         0  term_alloc.o ABSOLUTE
    ../clib/heapalloc.c                      0x00000000   Number         0  init_alloc.o ABSOLUTE
    ../clib/heapalloc.c                      0x00000000   Number         0  free.o ABSOLUTE
    ../clib/heapalloc.c                      0x00000000   Number         0  maybetermalloc2.o ABSOLUTE
    ../clib/heapalloc.c                      0x00000000   Number         0  maybetermalloc2.o ABSOLUTE
    ../clib/heapalloc.c                      0x00000000   Number         0  maybetermalloc1.o ABSOLUTE
    ../clib/heapalloc.c                      0x00000000   Number         0  hrguard.o ABSOLUTE
    ../clib/heapalloc.c                      0x00000000   Number         0  malloc.o ABSOLUTE
    ../clib/heapalloc.c                      0x00000000   Number         0  hguard.o ABSOLUTE
    ../clib/heapaux.c                        0x00000000   Number         0  heapauxa.o ABSOLUTE
    ../clib/heapaux.c                        0x00000000   Number         0  heapauxi.o ABSOLUTE
    ../clib/libinit.s                        0x00000000   Number         0  libshutdown2.o ABSOLUTE
    ../clib/libinit.s                        0x00000000   Number         0  libinit2.o ABSOLUTE
    ../clib/libinit.s                        0x00000000   Number         0  libinit.o ABSOLUTE
    ../clib/libinit.s                        0x00000000   Number         0  libshutdown.o ABSOLUTE
    ../clib/memcpset.s                       0x00000000   Number         0  strcmpv7m.o ABSOLUTE
    ../clib/memcpset.s                       0x00000000   Number         0  rt_memcpy_w.o ABSOLUTE
    ../clib/signal.c                         0x00000000   Number         0  defsig_pvfn_inner.o ABSOLUTE
    ../clib/signal.c                         0x00000000   Number         0  defsig_stak_inner.o ABSOLUTE
    ../clib/signal.c                         0x00000000   Number         0  defsig_general.o ABSOLUTE
    ../clib/signal.c                         0x00000000   Number         0  defsig_rtred_inner.o ABSOLUTE
    ../clib/signal.c                         0x00000000   Number         0  __raise.o ABSOLUTE
    ../clib/signal.c                         0x00000000   Number         0  defsig_exit.o ABSOLUTE
    ../clib/signal.c                         0x00000000   Number         0  defsig_rtmem_inner.o ABSOLUTE
    ../clib/signal.c                         0x00000000   Number         0  defsig_rtmem_formal.o ABSOLUTE
    ../clib/signal.c                         0x00000000   Number         0  defsig_other.o ABSOLUTE
    ../clib/signal.c                         0x00000000   Number         0  defsig_segv_inner.o ABSOLUTE
    ../clib/signal.c                         0x00000000   Number         0  defsig_cppl_inner.o ABSOLUTE
    ../clib/signal.c                         0x00000000   Number         0  defsig_abrt_inner.o ABSOLUTE
    ../clib/signal.c                         0x00000000   Number         0  defsig_fpe_inner.o ABSOLUTE
    ../clib/signal.c                         0x00000000   Number         0  defsig_rtmem_outer.o ABSOLUTE
    ../clib/signal.s                         0x00000000   Number         0  defsig.o ABSOLUTE
    ../clib/stdlib.c                         0x00000000   Number         0  exit.o ABSOLUTE
    ../fplib/d2f.s                           0x00000000   Number         0  d2f.o ABSOLUTE
    ../fplib/daddsub.s                       0x00000000   Number         0  daddsub_clz.o ABSOLUTE
    ../fplib/ddiv.s                          0x00000000   Number         0  ddiv.o ABSOLUTE
    ../fplib/dfix.s                          0x00000000   Number         0  dfix.o ABSOLUTE
    ../fplib/dflt.s                          0x00000000   Number         0  dflt_clz.o ABSOLUTE
    ../fplib/dmul.s                          0x00000000   Number         0  dmul.o ABSOLUTE
    ../fplib/dnaninf.s                       0x00000000   Number         0  dnaninf.o ABSOLUTE
    ../fplib/dretinf.s                       0x00000000   Number         0  dretinf.o ABSOLUTE
    ../fplib/f2d.s                           0x00000000   Number         0  f2d.o ABSOLUTE
    ../fplib/faddsub.s                       0x00000000   Number         0  faddsub_clz.o ABSOLUTE
    ../fplib/ffix.s                          0x00000000   Number         0  ffix.o ABSOLUTE
    ../fplib/fflt.s                          0x00000000   Number         0  fflt_clz.o ABSOLUTE
    ../fplib/fmul.s                          0x00000000   Number         0  fmul.o ABSOLUTE
    ../fplib/fnaninf.s                       0x00000000   Number         0  fnaninf.o ABSOLUTE
    ../fplib/fpinit.s                        0x00000000   Number         0  fpinit.o ABSOLUTE
    ../fplib/fretinf.s                       0x00000000   Number         0  fretinf.o ABSOLUTE
    ../fplib/usenofp.s                       0x00000000   Number         0  usenofp.o ABSOLUTE
    C:\Keil\ARM\INC\TI\TM4C123\my_headers\UART0.c 0x00000000   Number         0  uart0.o ABSOLUTE
    C:\Keil\ARM\INC\TI\TM4C123\my_headers\delay.c 0x00000000   Number         0  delay.o ABSOLUTE
    C:\Keil\ARM\INC\TI\TM4C123\my_headers\gpio.c 0x00000000   Number         0  gpio.o ABSOLUTE
    C:\Keil\ARM\Startup\TI\TM4C123\system_TM4C123.c 0x00000000   Number         0  system_tm4c123.o ABSOLUTE
    C:\\Keil\\ARM\\INC\\TI\\TM4C123\\my_headers\\UART0.c 0x00000000   Number         0  uart0.o ABSOLUTE
    C:\\Keil\\ARM\\INC\\TI\\TM4C123\\my_headers\\delay.c 0x00000000   Number         0  delay.o ABSOLUTE
    C:\\Keil\\ARM\\INC\\TI\\TM4C123\\my_headers\\gpio.c 0x00000000   Number         0  gpio.o ABSOLUTE
    C:\\Keil\\ARM\\Startup\\TI\\TM4C123\\system_TM4C123.c 0x00000000   Number         0  system_tm4c123.o ABSOLUTE
    dc.s                                     0x00000000   Number         0  dc.o ABSOLUTE
    main_file.c                              0x00000000   Number         0  main_file.o ABSOLUTE
    main_file.c                              0x00000000   Number         0  main_file.o ABSOLUTE
    startup_TM4C123.s                        0x00000000   Number         0  startup_tm4c123.o ABSOLUTE
    !!!main                                  0x0000026c   Section        8  __main.o(!!!main)
    !!!scatter                               0x00000274   Section       52  __scatter.o(!!!scatter)
    !!handler_copy                           0x000002a8   Section       26  __scatter_copy.o(!!handler_copy)
    !!handler_zi                             0x000002c4   Section       28  __scatter_zi.o(!!handler_zi)
    .ARM.Collect$$libinit$$00000000          0x000002e0   Section        2  libinit.o(.ARM.Collect$$libinit$$00000000)
    .ARM.Collect$$libinit$$00000002          0x000002e2   Section        0  libinit2.o(.ARM.Collect$$libinit$$00000002)
    .ARM.Collect$$libinit$$00000003          0x000002e2   Section        8  libinit2.o(.ARM.Collect$$libinit$$00000003)
    .ARM.Collect$$libinit$$00000008          0x000002ea   Section        0  libinit2.o(.ARM.Collect$$libinit$$00000008)
    .ARM.Collect$$libinit$$0000000A          0x000002ea   Section        0  libinit2.o(.ARM.Collect$$libinit$$0000000A)
    .ARM.Collect$$libinit$$0000000C          0x000002ea   Section        0  libinit2.o(.ARM.Collect$$libinit$$0000000C)
    .ARM.Collect$$libinit$$0000000F          0x000002ea   Section        0  libinit2.o(.ARM.Collect$$libinit$$0000000F)
    .ARM.Collect$$libinit$$00000011          0x000002ea   Section        0  libinit2.o(.ARM.Collect$$libinit$$00000011)
    .ARM.Collect$$libinit$$00000013          0x000002ea   Section        0  libinit2.o(.ARM.Collect$$libinit$$00000013)
    .ARM.Collect$$libinit$$00000015          0x000002ea   Section        0  libinit2.o(.ARM.Collect$$libinit$$00000015)
    .ARM.Collect$$libinit$$00000017          0x000002ea   Section        0  libinit2.o(.ARM.Collect$$libinit$$00000017)
    .ARM.Collect$$libinit$$00000019          0x000002ea   Section        0  libinit2.o(.ARM.Collect$$libinit$$00000019)
    .ARM.Collect$$libinit$$0000001B          0x000002ea   Section        0  libinit2.o(.ARM.Collect$$libinit$$0000001B)
    .ARM.Collect$$libinit$$0000001D          0x000002ea   Section        0  libinit2.o(.ARM.Collect$$libinit$$0000001D)
    .ARM.Collect$$libinit$$0000001F          0x000002ea   Section        0  libinit2.o(.ARM.Collect$$libinit$$0000001F)
    .ARM.Collect$$libinit$$00000021          0x000002ea   Section        0  libinit2.o(.ARM.Collect$$libinit$$00000021)
    .ARM.Collect$$libinit$$00000023          0x000002ea   Section        0  libinit2.o(.ARM.Collect$$libinit$$00000023)
    .ARM.Collect$$libinit$$0000002A          0x000002ea   Section        0  libinit2.o(.ARM.Collect$$libinit$$0000002A)
    .ARM.Collect$$libinit$$0000002C          0x000002ea   Section        0  libinit2.o(.ARM.Collect$$libinit$$0000002C)
    .ARM.Collect$$libinit$$0000002E          0x000002ea   Section        0  libinit2.o(.ARM.Collect$$libinit$$0000002E)
    .ARM.Collect$$libinit$$00000030          0x000002ea   Section        0  libinit2.o(.ARM.Collect$$libinit$$00000030)
    .ARM.Collect$$libinit$$00000031          0x000002ea   Section        2  libinit2.o(.ARM.Collect$$libinit$$00000031)
    .ARM.Collect$$libshutdown$$00000000      0x000002ec   Section        2  libshutdown.o(.ARM.Collect$$libshutdown$$00000000)
    .ARM.Collect$$libshutdown$$00000003      0x000002ee   Section        0  libshutdown2.o(.ARM.Collect$$libshutdown$$00000003)
    .ARM.Collect$$libshutdown$$00000006      0x000002ee   Section        0  libshutdown2.o(.ARM.Collect$$libshutdown$$00000006)
    .ARM.Collect$$libshutdown$$00000009      0x000002ee   Section        0  libshutdown2.o(.ARM.Collect$$libshutdown$$00000009)
    .ARM.Collect$$libshutdown$$0000000B      0x000002ee   Section        0  libshutdown2.o(.ARM.Collect$$libshutdown$$0000000B)
    .ARM.Collect$$libshutdown$$0000000E      0x000002ee   Section        0  libshutdown2.o(.ARM.Collect$$libshutdown$$0000000E)
    .ARM.Collect$$libshutdown$$0000000F      0x000002ee   Section        2  libshutdown2.o(.ARM.Collect$$libshutdown$$0000000F)
    .ARM.Collect$$rtentry$$00000000          0x000002f0   Section        0  rtentry.o(.ARM.Collect$$rtentry$$00000000)
    .ARM.Collect$$rtentry$$00000002          0x000002f0   Section        0  rtentry2.o(.ARM.Collect$$rtentry$$00000002)
    .ARM.Collect$$rtentry$$00000004          0x000002f0   Section        6  rtentry4.o(.ARM.Collect$$rtentry$$00000004)
    .ARM.Collect$$rtentry$$00000009          0x000002f6   Section        0  rtentry2.o(.ARM.Collect$$rtentry$$00000009)
    .ARM.Collect$$rtentry$$0000000A          0x000002f6   Section        4  rtentry2.o(.ARM.Collect$$rtentry$$0000000A)
    .ARM.Collect$$rtentry$$0000000C          0x000002fa   Section        0  rtentry2.o(.ARM.Collect$$rtentry$$0000000C)
    .ARM.Collect$$rtentry$$0000000D          0x000002fa   Section        8  rtentry2.o(.ARM.Collect$$rtentry$$0000000D)
    .ARM.Collect$$rtexit$$00000000           0x00000302   Section        2  rtexit.o(.ARM.Collect$$rtexit$$00000000)
    .ARM.Collect$$rtexit$$00000002           0x00000304   Section        0  rtexit2.o(.ARM.Collect$$rtexit$$00000002)
    .ARM.Collect$$rtexit$$00000003           0x00000304   Section        4  rtexit2.o(.ARM.Collect$$rtexit$$00000003)
    .ARM.Collect$$rtexit$$00000004           0x00000308   Section        6  rtexit2.o(.ARM.Collect$$rtexit$$00000004)
    .emb_text                                0x00000310   Section        0  maybetermalloc1.o(.emb_text)
    .text                                    0x00000310   Section      280  startup_tm4c123.o(.text)
    .text                                    0x00000428   Section        0  system_tm4c123.o(.text)
    getOscClk                                0x00000429   Thumb Code   182  system_tm4c123.o(.text)
    .text                                    0x000005e4   Section        0  main_file.o(.text)
    .text                                    0x0000070c   Section        0  uart0.o(.text)
    .text                                    0x000008d0   Section        0  h1_alloc.o(.text)
    .text                                    0x0000092e   Section        0  h1_free.o(.text)
    .text                                    0x0000097c   Section      128  strcmpv7m.o(.text)
    .text                                    0x000009fc   Section        0  heapauxi.o(.text)
    .text                                    0x00000a04   Section        8  rt_heap_descriptor_intlibspace.o(.text)
    .text                                    0x00000a0c   Section        0  hguard.o(.text)
    .text                                    0x00000a10   Section        0  init_alloc.o(.text)
    .text                                    0x00000a9a   Section        0  h1_init.o(.text)
    .text                                    0x00000aa8   Section        8  libspace.o(.text)
    .text                                    0x00000ab0   Section        0  h1_extend.o(.text)
    .text                                    0x00000ae4   Section        0  defsig_rtmem_outer.o(.text)
    .text                                    0x00000af2   Section        2  use_no_semi.o(.text)
    .text                                    0x00000af4   Section       74  sys_stackheap_outer.o(.text)
    .text                                    0x00000af4   Section        0  indicate_semi.o(.text)
    .text                                    0x00000b3e   Section        0  exit.o(.text)
    .text                                    0x00000b4a   Section        0  defsig_exit.o(.text)
    .text                                    0x00000b54   Section        0  defsig_rtmem_inner.o(.text)
    .text                                    0x00000ba4   Section        0  sys_exit.o(.text)
    .text                                    0x00000bb0   Section        0  defsig_general.o(.text)
    .text                                    0x00000be2   Section        0  sys_wrch.o(.text)
    x$fpl$d2f                                0x00000bf0   Section       98  d2f.o(x$fpl$d2f)
    x$fpl$dadd                               0x00000c54   Section      336  daddsub_clz.o(x$fpl$dadd)
    _dadd1                                   0x00000c65   Thumb Code     0  daddsub_clz.o(x$fpl$dadd)
    x$fpl$ddiv                               0x00000da4   Section      688  ddiv.o(x$fpl$ddiv)
    ddiv_entry                               0x00000dab   Thumb Code     0  ddiv.o(x$fpl$ddiv)
    x$fpl$dfix                               0x00001054   Section       94  dfix.o(x$fpl$dfix)
    x$fpl$dfltu                              0x000010b2   Section       38  dflt_clz.o(x$fpl$dfltu)
    x$fpl$dmul                               0x000010d8   Section      340  dmul.o(x$fpl$dmul)
    x$fpl$dnaninf                            0x0000122c   Section      156  dnaninf.o(x$fpl$dnaninf)
    x$fpl$dretinf                            0x000012c8   Section       12  dretinf.o(x$fpl$dretinf)
    x$fpl$dsub                               0x000012d4   Section      468  daddsub_clz.o(x$fpl$dsub)
    _dsub1                                   0x000012e5   Thumb Code     0  daddsub_clz.o(x$fpl$dsub)
    x$fpl$f2d                                0x000014a8   Section       86  f2d.o(x$fpl$f2d)
    x$fpl$fadd                               0x00001500   Section      196  faddsub_clz.o(x$fpl$fadd)
    _fadd1                                   0x0000150f   Thumb Code     0  faddsub_clz.o(x$fpl$fadd)
    x$fpl$ffix                               0x000015c4   Section       54  ffix.o(x$fpl$ffix)
    x$fpl$fflt                               0x000015fc   Section       48  fflt_clz.o(x$fpl$fflt)
    x$fpl$fmul                               0x0000162c   Section      258  fmul.o(x$fpl$fmul)
    x$fpl$fnaninf                            0x0000172e   Section      140  fnaninf.o(x$fpl$fnaninf)
    x$fpl$fretinf                            0x000017ba   Section       10  fretinf.o(x$fpl$fretinf)
    x$fpl$frsb                               0x000017c4   Section       20  faddsub_clz.o(x$fpl$frsb)
    x$fpl$fsub                               0x000017d8   Section      234  faddsub_clz.o(x$fpl$fsub)
    _fsub1                                   0x000017e7   Thumb Code     0  faddsub_clz.o(x$fpl$fsub)
    x$fpl$usenofp                            0x000018c2   Section        0  usenofp.o(x$fpl$usenofp)
    .data                                    0x20000000   Section        4  system_tm4c123.o(.data)
    .bss                                     0x20000004   Section       96  libspace.o(.bss)
    HEAP                                     0x20000068   Section      512  startup_tm4c123.o(HEAP)
    Heap_Mem                                 0x20000068   Data         512  startup_tm4c123.o(HEAP)
    STACK                                    0x20000268   Section      512  startup_tm4c123.o(STACK)
    Stack_Mem                                0x20000268   Data         512  startup_tm4c123.o(STACK)
    __initial_sp                             0x20000468   Data           0  startup_tm4c123.o(STACK)

    Global Symbols

    Symbol Name                              Value     Ov Type        Size  Object(Section)

    BuildAttributes$$THM_ISAv4$E$P$D$K$B$S$7EM$PE$A:L22UL41UL21$X:L11$S22US41US21$IEEE1$IW$USESV6$~STKCKD$USESV7$~SHL$OTIME$ROPI$EBA8$UX$STANDARDLIB$REQ8$PRES8$EABIv2 0x00000000   Number         0  anon$$obj.o ABSOLUTE
    __ARM_use_no_argv                        0x00000000   Number         0  main_file.o ABSOLUTE
    __Vectors                                0x00000000   Data           4  startup_tm4c123.o(RESET)
    __ARM_exceptions_init                     - Undefined Weak Reference
    __alloca_initialize                       - Undefined Weak Reference
    __cpp_initialize__aeabi_                  - Undefined Weak Reference
    __cxa_finalize                            - Undefined Weak Reference
    __rt_locale                               - Undefined Weak Reference
    __sigvec_lookup                           - Undefined Weak Reference
    __user_heap_extent                        - Undefined Weak Reference
    _atexit_init                              - Undefined Weak Reference
    _call_atexit_fns                          - Undefined Weak Reference
    _clock_init                               - Undefined Weak Reference
    _fp_trap_init                             - Undefined Weak Reference
    _fp_trap_shutdown                         - Undefined Weak Reference
    _get_lc_collate                           - Undefined Weak Reference
    _get_lc_ctype                             - Undefined Weak Reference
    _get_lc_monetary                          - Undefined Weak Reference
    _get_lc_numeric                           - Undefined Weak Reference
    _get_lc_time                              - Undefined Weak Reference
    _getenv_init                              - Undefined Weak Reference
    _handle_redirection                       - Undefined Weak Reference
    _initio                                   - Undefined Weak Reference
    _mutex_acquire                            - Undefined Weak Reference
    _mutex_free                               - Undefined Weak Reference
    _mutex_release                            - Undefined Weak Reference
    _rand_init                                - Undefined Weak Reference
    _signal_finish                            - Undefined Weak Reference
    _signal_init                              - Undefined Weak Reference
    _terminateio                              - Undefined Weak Reference
    __Vectors_End                            0x0000026c   Data           0  startup_tm4c123.o(RESET)
    __Vectors_Size                           0x0000026c   Number         0  startup_tm4c123.o ABSOLUTE
    __main                                   0x0000026d   Thumb Code     8  __main.o(!!!main)
    __scatterload                            0x00000275   Thumb Code     0  __scatter.o(!!!scatter)
    __scatterload_rt2                        0x00000275   Thumb Code    44  __scatter.o(!!!scatter)
    __scatterload_rt2_thumb_only             0x00000275   Thumb Code     0  __scatter.o(!!!scatter)
    __scatterload_null                       0x00000283   Thumb Code     0  __scatter.o(!!!scatter)
    __scatterload_copy                       0x000002a9   Thumb Code    26  __scatter_copy.o(!!handler_copy)
    __scatterload_zeroinit                   0x000002c5   Thumb Code    28  __scatter_zi.o(!!handler_zi)
    __rt_lib_init                            0x000002e1   Thumb Code     0  libinit.o(.ARM.Collect$$libinit$$00000000)
    __rt_lib_init_fp_1                       0x000002e3   Thumb Code     0  libinit2.o(.ARM.Collect$$libinit$$00000002)
    __rt_lib_init_heap_2                     0x000002e3   Thumb Code     0  libinit2.o(.ARM.Collect$$libinit$$00000003)
    __rt_lib_init_alloca_1                   0x000002eb   Thumb Code     0  libinit2.o(.ARM.Collect$$libinit$$0000002C)
    __rt_lib_init_argv_1                     0x000002eb   Thumb Code     0  libinit2.o(.ARM.Collect$$libinit$$0000002A)
    __rt_lib_init_atexit_1                   0x000002eb   Thumb Code     0  libinit2.o(.ARM.Collect$$libinit$$00000019)
    __rt_lib_init_clock_1                    0x000002eb   Thumb Code     0  libinit2.o(.ARM.Collect$$libinit$$0000001F)
    __rt_lib_init_cpp_1                      0x000002eb   Thumb Code     0  libinit2.o(.ARM.Collect$$libinit$$00000030)
    __rt_lib_init_exceptions_1               0x000002eb   Thumb Code     0  libinit2.o(.ARM.Collect$$libinit$$0000002E)
    __rt_lib_init_fp_trap_1                  0x000002eb   Thumb Code     0  libinit2.o(.ARM.Collect$$libinit$$0000001D)
    __rt_lib_init_getenv_1                   0x000002eb   Thumb Code     0  libinit2.o(.ARM.Collect$$libinit$$00000021)
    __rt_lib_init_heap_1                     0x000002eb   Thumb Code     0  libinit2.o(.ARM.Collect$$libinit$$00000008)
    __rt_lib_init_lc_collate_1               0x000002eb   Thumb Code     0  libinit2.o(.ARM.Collect$$libinit$$0000000F)
    __rt_lib_init_lc_ctype_1                 0x000002eb   Thumb Code     0  libinit2.o(.ARM.Collect$$libinit$$00000011)
    __rt_lib_init_lc_monetary_1              0x000002eb   Thumb Code     0  libinit2.o(.ARM.Collect$$libinit$$00000013)
    __rt_lib_init_lc_numeric_1               0x000002eb   Thumb Code     0  libinit2.o(.ARM.Collect$$libinit$$00000015)
    __rt_lib_init_lc_time_1                  0x000002eb   Thumb Code     0  libinit2.o(.ARM.Collect$$libinit$$00000017)
    __rt_lib_init_rand_1                     0x000002eb   Thumb Code     0  libinit2.o(.ARM.Collect$$libinit$$0000000C)
    __rt_lib_init_return                     0x000002eb   Thumb Code     0  libinit2.o(.ARM.Collect$$libinit$$00000031)
    __rt_lib_init_signal_1                   0x000002eb   Thumb Code     0  libinit2.o(.ARM.Collect$$libinit$$0000001B)
    __rt_lib_init_stdio_1                    0x000002eb   Thumb Code     0  libinit2.o(.ARM.Collect$$libinit$$00000023)
    __rt_lib_init_user_alloc_1               0x000002eb   Thumb Code     0  libinit2.o(.ARM.Collect$$libinit$$0000000A)
    __rt_lib_shutdown                        0x000002ed   Thumb Code     0  libshutdown.o(.ARM.Collect$$libshutdown$$00000000)
    __rt_lib_shutdown_fp_trap_1              0x000002ef   Thumb Code     0  libshutdown2.o(.ARM.Collect$$libshutdown$$00000006)
    __rt_lib_shutdown_heap_1                 0x000002ef   Thumb Code     0  libshutdown2.o(.ARM.Collect$$libshutdown$$0000000E)
    __rt_lib_shutdown_return                 0x000002ef   Thumb Code     0  libshutdown2.o(.ARM.Collect$$libshutdown$$0000000F)
    __rt_lib_shutdown_signal_1               0x000002ef   Thumb Code     0  libshutdown2.o(.ARM.Collect$$libshutdown$$00000009)
    __rt_lib_shutdown_stdio_1                0x000002ef   Thumb Code     0  libshutdown2.o(.ARM.Collect$$libshutdown$$00000003)
    __rt_lib_shutdown_user_alloc_1           0x000002ef   Thumb Code     0  libshutdown2.o(.ARM.Collect$$libshutdown$$0000000B)
    __rt_entry                               0x000002f1   Thumb Code     0  rtentry.o(.ARM.Collect$$rtentry$$00000000)
    __rt_entry_presh_1                       0x000002f1   Thumb Code     0  rtentry2.o(.ARM.Collect$$rtentry$$00000002)
    __rt_entry_sh                            0x000002f1   Thumb Code     0  rtentry4.o(.ARM.Collect$$rtentry$$00000004)
    __rt_entry_li                            0x000002f7   Thumb Code     0  rtentry2.o(.ARM.Collect$$rtentry$$0000000A)
    __rt_entry_postsh_1                      0x000002f7   Thumb Code     0  rtentry2.o(.ARM.Collect$$rtentry$$00000009)
    __rt_entry_main                          0x000002fb   Thumb Code     0  rtentry2.o(.ARM.Collect$$rtentry$$0000000D)
    __rt_entry_postli_1                      0x000002fb   Thumb Code     0  rtentry2.o(.ARM.Collect$$rtentry$$0000000C)
    __rt_exit                                0x00000303   Thumb Code     0  rtexit.o(.ARM.Collect$$rtexit$$00000000)
    __rt_exit_ls                             0x00000305   Thumb Code     0  rtexit2.o(.ARM.Collect$$rtexit$$00000003)
    __rt_exit_prels_1                        0x00000305   Thumb Code     0  rtexit2.o(.ARM.Collect$$rtexit$$00000002)
    __rt_exit_exit                           0x00000309   Thumb Code     0  rtexit2.o(.ARM.Collect$$rtexit$$00000004)
    Reset_Handler                            0x00000311   Thumb Code     8  startup_tm4c123.o(.text)
    _maybe_terminate_alloc                   0x00000311   Thumb Code     0  maybetermalloc1.o(.emb_text)
    NMI_Handler                              0x00000319   Thumb Code     2  startup_tm4c123.o(.text)
    HardFault_Handler                        0x0000031b   Thumb Code     2  startup_tm4c123.o(.text)
    MemManage_Handler                        0x0000031d   Thumb Code     2  startup_tm4c123.o(.text)
    BusFault_Handler                         0x0000031f   Thumb Code     2  startup_tm4c123.o(.text)
    UsageFault_Handler                       0x00000321   Thumb Code     2  startup_tm4c123.o(.text)
    SVC_Handler                              0x00000323   Thumb Code     2  startup_tm4c123.o(.text)
    DebugMon_Handler                         0x00000325   Thumb Code     2  startup_tm4c123.o(.text)
    PendSV_Handler                           0x00000327   Thumb Code     2  startup_tm4c123.o(.text)
    SysTick_Handler                          0x00000329   Thumb Code     2  startup_tm4c123.o(.text)
    GPIOA_Handler                            0x0000032b   Thumb Code     2  startup_tm4c123.o(.text)
    GPIOB_Handler                            0x0000032d   Thumb Code     2  startup_tm4c123.o(.text)
    GPIOC_Handler                            0x0000032f   Thumb Code     2  startup_tm4c123.o(.text)
    GPIOD_Handler                            0x00000331   Thumb Code     2  startup_tm4c123.o(.text)
    GPIOE_Handler                            0x00000333   Thumb Code     2  startup_tm4c123.o(.text)
    UART0_Handler                            0x00000335   Thumb Code     2  startup_tm4c123.o(.text)
    UART1_Handler                            0x00000337   Thumb Code     2  startup_tm4c123.o(.text)
    SSI0_Handler                             0x00000339   Thumb Code     2  startup_tm4c123.o(.text)
    I2C0_Handler                             0x0000033b   Thumb Code     2  startup_tm4c123.o(.text)
    PMW0_FAULT_Handler                       0x0000033d   Thumb Code     2  startup_tm4c123.o(.text)
    PWM0_0_Handler                           0x0000033f   Thumb Code     2  startup_tm4c123.o(.text)
    PWM0_1_Handler                           0x00000341   Thumb Code     2  startup_tm4c123.o(.text)
    PWM0_2_Handler                           0x00000343   Thumb Code     2  startup_tm4c123.o(.text)
    QEI0_Handler                             0x00000345   Thumb Code     2  startup_tm4c123.o(.text)
    ADC0SS0_Handler                          0x00000347   Thumb Code     2  startup_tm4c123.o(.text)
    ADC0SS1_Handler                          0x00000349   Thumb Code     2  startup_tm4c123.o(.text)
    ADC0SS2_Handler                          0x0000034b   Thumb Code     2  startup_tm4c123.o(.text)
    ADC0SS3_Handler                          0x0000034d   Thumb Code     2  startup_tm4c123.o(.text)
    WDT0_Handler                             0x0000034f   Thumb Code     2  startup_tm4c123.o(.text)
    TIMER0A_Handler                          0x00000351   Thumb Code     2  startup_tm4c123.o(.text)
    TIMER0B_Handler                          0x00000353   Thumb Code     2  startup_tm4c123.o(.text)
    TIMER1A_Handler                          0x00000355   Thumb Code     2  startup_tm4c123.o(.text)
    TIMER1B_Handler                          0x00000357   Thumb Code     2  startup_tm4c123.o(.text)
    TIMER2A_Handler                          0x00000359   Thumb Code     2  startup_tm4c123.o(.text)
    TIMER2B_Handler                          0x0000035b   Thumb Code     2  startup_tm4c123.o(.text)
    COMP0_Handler                            0x0000035d   Thumb Code     2  startup_tm4c123.o(.text)
    COMP1_Handler                            0x0000035f   Thumb Code     2  startup_tm4c123.o(.text)
    COMP2_Handler                            0x00000361   Thumb Code     2  startup_tm4c123.o(.text)
    SYSCTL_Handler                           0x00000363   Thumb Code     2  startup_tm4c123.o(.text)
    FLASH_Handler                            0x00000365   Thumb Code     2  startup_tm4c123.o(.text)
    GPIOF_Handler                            0x00000367   Thumb Code     2  startup_tm4c123.o(.text)
    GPIOG_Handler                            0x00000369   Thumb Code     2  startup_tm4c123.o(.text)
    GPIOH_Handler                            0x0000036b   Thumb Code     2  startup_tm4c123.o(.text)
    UART2_Handler                            0x0000036d   Thumb Code     2  startup_tm4c123.o(.text)
    SSI1_Handler                             0x0000036f   Thumb Code     2  startup_tm4c123.o(.text)
    TIMER3A_Handler                          0x00000371   Thumb Code     2  startup_tm4c123.o(.text)
    TIMER3B_Handler                          0x00000373   Thumb Code     2  startup_tm4c123.o(.text)
    I2C1_Handler                             0x00000375   Thumb Code     2  startup_tm4c123.o(.text)
    QEI1_Handler                             0x00000377   Thumb Code     2  startup_tm4c123.o(.text)
    CAN0_Handler                             0x00000379   Thumb Code     2  startup_tm4c123.o(.text)
    CAN1_Handler                             0x0000037b   Thumb Code     2  startup_tm4c123.o(.text)
    CAN2_Handler                             0x0000037d   Thumb Code     2  startup_tm4c123.o(.text)
    HIB_Handler                              0x0000037f   Thumb Code     2  startup_tm4c123.o(.text)
    USB0_Handler                             0x00000381   Thumb Code     2  startup_tm4c123.o(.text)
    PWM0_3_Handler                           0x00000383   Thumb Code     2  startup_tm4c123.o(.text)
    UDMA_Handler                             0x00000385   Thumb Code     2  startup_tm4c123.o(.text)
    UDMAERR_Handler                          0x00000387   Thumb Code     2  startup_tm4c123.o(.text)
    ADC1SS0_Handler                          0x00000389   Thumb Code     2  startup_tm4c123.o(.text)
    ADC1SS1_Handler                          0x0000038b   Thumb Code     2  startup_tm4c123.o(.text)
    ADC1SS2_Handler                          0x0000038d   Thumb Code     2  startup_tm4c123.o(.text)
    ADC1SS3_Handler                          0x0000038f   Thumb Code     2  startup_tm4c123.o(.text)
    GPIOJ_Handler                            0x00000391   Thumb Code     2  startup_tm4c123.o(.text)
    GPIOK_Handler                            0x00000393   Thumb Code     2  startup_tm4c123.o(.text)
    GPIOL_Handler                            0x00000395   Thumb Code     2  startup_tm4c123.o(.text)
    SSI2_Handler                             0x00000397   Thumb Code     2  startup_tm4c123.o(.text)
    SSI3_Handler                             0x00000399   Thumb Code     2  startup_tm4c123.o(.text)
    UART3_Handler                            0x0000039b   Thumb Code     2  startup_tm4c123.o(.text)
    UART4_Handler                            0x0000039d   Thumb Code     2  startup_tm4c123.o(.text)
    UART5_Handler                            0x0000039f   Thumb Code     2  startup_tm4c123.o(.text)
    UART6_Handler                            0x000003a1   Thumb Code     2  startup_tm4c123.o(.text)
    UART7_Handler                            0x000003a3   Thumb Code     2  startup_tm4c123.o(.text)
    I2C2_Handler                             0x000003a5   Thumb Code     2  startup_tm4c123.o(.text)
    I2C3_Handler                             0x000003a7   Thumb Code     2  startup_tm4c123.o(.text)
    TIMER4A_Handler                          0x000003a9   Thumb Code     2  startup_tm4c123.o(.text)
    TIMER4B_Handler                          0x000003ab   Thumb Code     2  startup_tm4c123.o(.text)
    TIMER5A_Handler                          0x000003ad   Thumb Code     2  startup_tm4c123.o(.text)
    TIMER5B_Handler                          0x000003af   Thumb Code     2  startup_tm4c123.o(.text)
    WTIMER0A_Handler                         0x000003b1   Thumb Code     2  startup_tm4c123.o(.text)
    WTIMER0B_Handler                         0x000003b3   Thumb Code     2  startup_tm4c123.o(.text)
    WTIMER1A_Handler                         0x000003b5   Thumb Code     2  startup_tm4c123.o(.text)
    WTIMER1B_Handler                         0x000003b7   Thumb Code     2  startup_tm4c123.o(.text)
    WTIMER2A_Handler                         0x000003b9   Thumb Code     2  startup_tm4c123.o(.text)
    WTIMER2B_Handler                         0x000003bb   Thumb Code     2  startup_tm4c123.o(.text)
    WTIMER3A_Handler                         0x000003bd   Thumb Code     2  startup_tm4c123.o(.text)
    WTIMER3B_Handler                         0x000003bf   Thumb Code     2  startup_tm4c123.o(.text)
    WTIMER4A_Handler                         0x000003c1   Thumb Code     2  startup_tm4c123.o(.text)
    WTIMER4B_Handler                         0x000003c3   Thumb Code     2  startup_tm4c123.o(.text)
    WTIMER5A_Handler                         0x000003c5   Thumb Code     2  startup_tm4c123.o(.text)
    WTIMER5B_Handler                         0x000003c7   Thumb Code     2  startup_tm4c123.o(.text)
    FPU_Handler                              0x000003c9   Thumb Code     2  startup_tm4c123.o(.text)
    I2C4_Handler                             0x000003cb   Thumb Code     2  startup_tm4c123.o(.text)
    I2C5_Handler                             0x000003cd   Thumb Code     2  startup_tm4c123.o(.text)
    GPIOM_Handler                            0x000003cf   Thumb Code     2  startup_tm4c123.o(.text)
    GPION_Handler                            0x000003d1   Thumb Code     2  startup_tm4c123.o(.text)
    QEI2_Handler                             0x000003d3   Thumb Code     2  startup_tm4c123.o(.text)
    GPIOP0_Handler                           0x000003d5   Thumb Code     2  startup_tm4c123.o(.text)
    GPIOP1_Handler                           0x000003d7   Thumb Code     2  startup_tm4c123.o(.text)
    GPIOP2_Handler                           0x000003d9   Thumb Code     2  startup_tm4c123.o(.text)
    GPIOP3_Handler                           0x000003db   Thumb Code     2  startup_tm4c123.o(.text)
    GPIOP4_Handler                           0x000003dd   Thumb Code     2  startup_tm4c123.o(.text)
    GPIOP5_Handler                           0x000003df   Thumb Code     2  startup_tm4c123.o(.text)
    GPIOP6_Handler                           0x000003e1   Thumb Code     2  startup_tm4c123.o(.text)
    GPIOP7_Handler                           0x000003e3   Thumb Code     2  startup_tm4c123.o(.text)
    GPIOQ0_Handler                           0x000003e5   Thumb Code     2  startup_tm4c123.o(.text)
    GPIOQ1_Handler                           0x000003e7   Thumb Code     2  startup_tm4c123.o(.text)
    GPIOQ2_Handler                           0x000003e9   Thumb Code     2  startup_tm4c123.o(.text)
    GPIOQ3_Handler                           0x000003eb   Thumb Code     2  startup_tm4c123.o(.text)
    GPIOQ4_Handler                           0x000003ed   Thumb Code     2  startup_tm4c123.o(.text)
    GPIOQ5_Handler                           0x000003ef   Thumb Code     2  startup_tm4c123.o(.text)
    GPIOQ6_Handler                           0x000003f1   Thumb Code     2  startup_tm4c123.o(.text)
    GPIOQ7_Handler                           0x000003f3   Thumb Code     2  startup_tm4c123.o(.text)
    GPIOR_Handler                            0x000003f5   Thumb Code     2  startup_tm4c123.o(.text)
    GPIOS_Handler                            0x000003f7   Thumb Code     2  startup_tm4c123.o(.text)
    PMW1_0_Handler                           0x000003f9   Thumb Code     2  startup_tm4c123.o(.text)
    PWM1_1_Handler                           0x000003fb   Thumb Code     2  startup_tm4c123.o(.text)
    PWM1_2_Handler                           0x000003fd   Thumb Code     2  startup_tm4c123.o(.text)
    PWM1_3_Handler                           0x000003ff   Thumb Code     2  startup_tm4c123.o(.text)
    PWM1_FAULT_Handler                       0x00000401   Thumb Code     2  startup_tm4c123.o(.text)
    __user_initial_stackheap                 0x00000405   Thumb Code     0  startup_tm4c123.o(.text)
    SystemCoreClockUpdate                    0x000004df   Thumb Code   182  system_tm4c123.o(.text)
    SystemInit                               0x00000595   Thumb Code     2  system_tm4c123.o(.text)
    BT_PORT_init                             0x000005e5   Thumb Code    46  main_file.o(.text)
    main                                     0x00000613   Thumb Code   176  main_file.o(.text)
    UART0_init                               0x0000070d   Thumb Code   254  uart0.o(.text)
    empty_buf                                0x0000080b   Thumb Code    28  uart0.o(.text)
    U0_snd_chr                               0x00000827   Thumb Code    26  uart0.o(.text)
    U0_snd_str                               0x00000841   Thumb Code    26  uart0.o(.text)
    U0_get_chr                               0x0000085b   Thumb Code    20  uart0.o(.text)
    U0_get_str                               0x0000086f   Thumb Code    52  uart0.o(.text)
    malloc                                   0x000008d1   Thumb Code    94  h1_alloc.o(.text)
    free                                     0x0000092f   Thumb Code    78  h1_free.o(.text)
    strcmp                                   0x0000097d   Thumb Code   128  strcmpv7m.o(.text)
    __use_two_region_memory                  0x000009fd   Thumb Code     2  heapauxi.o(.text)
    __rt_heap_escrow                         0x000009ff   Thumb Code     2  heapauxi.o(.text)
    __rt_heap_expand                         0x00000a01   Thumb Code     2  heapauxi.o(.text)
    __rt_heap_descriptor                     0x00000a05   Thumb Code     8  rt_heap_descriptor_intlibspace.o(.text)
    __use_no_heap                            0x00000a0d   Thumb Code     2  hguard.o(.text)
    __heap$guard                             0x00000a0f   Thumb Code     2  hguard.o(.text)
    _terminate_user_alloc                    0x00000a11   Thumb Code     2  init_alloc.o(.text)
    _init_user_alloc                         0x00000a13   Thumb Code     2  init_alloc.o(.text)
    __Heap_Full                              0x00000a15   Thumb Code    34  init_alloc.o(.text)
    __Heap_Broken                            0x00000a37   Thumb Code     6  init_alloc.o(.text)
    _init_alloc                              0x00000a3d   Thumb Code    94  init_alloc.o(.text)
    __Heap_Initialize                        0x00000a9b   Thumb Code    10  h1_init.o(.text)
    __Heap_DescSize                          0x00000aa5   Thumb Code     4  h1_init.o(.text)
    __user_libspace                          0x00000aa9   Thumb Code     8  libspace.o(.text)
    __user_perproc_libspace                  0x00000aa9   Thumb Code     0  libspace.o(.text)
    __user_perthread_libspace                0x00000aa9   Thumb Code     0  libspace.o(.text)
    __Heap_ProvideMemory                     0x00000ab1   Thumb Code    52  h1_extend.o(.text)
    __rt_SIGRTMEM                            0x00000ae5   Thumb Code    14  defsig_rtmem_outer.o(.text)
    __I$use$semihosting                      0x00000af3   Thumb Code     0  use_no_semi.o(.text)
    __use_no_semihosting_swi                 0x00000af3   Thumb Code     2  use_no_semi.o(.text)
    __semihosting_library_function           0x00000af5   Thumb Code     0  indicate_semi.o(.text)
    __user_setup_stackheap                   0x00000af5   Thumb Code    74  sys_stackheap_outer.o(.text)
    exit                                     0x00000b3f   Thumb Code    12  exit.o(.text)
    __sig_exit                               0x00000b4b   Thumb Code    10  defsig_exit.o(.text)
    __rt_SIGRTMEM_inner                      0x00000b55   Thumb Code    22  defsig_rtmem_inner.o(.text)
    _sys_exit                                0x00000ba5   Thumb Code     8  sys_exit.o(.text)
    __default_signal_display                 0x00000bb1   Thumb Code    50  defsig_general.o(.text)
    _ttywrch                                 0x00000be3   Thumb Code    14  sys_wrch.o(.text)
    __aeabi_d2f                              0x00000bf1   Thumb Code     0  d2f.o(x$fpl$d2f)
    _d2f                                     0x00000bf1   Thumb Code    98  d2f.o(x$fpl$d2f)
    __aeabi_dadd                             0x00000c55   Thumb Code     0  daddsub_clz.o(x$fpl$dadd)
    _dadd                                    0x00000c55   Thumb Code   332  daddsub_clz.o(x$fpl$dadd)
    __aeabi_ddiv                             0x00000da5   Thumb Code     0  ddiv.o(x$fpl$ddiv)
    _ddiv                                    0x00000da5   Thumb Code   552  ddiv.o(x$fpl$ddiv)
    __aeabi_d2iz                             0x00001055   Thumb Code     0  dfix.o(x$fpl$dfix)
    _dfix                                    0x00001055   Thumb Code    94  dfix.o(x$fpl$dfix)
    __aeabi_ui2d                             0x000010b3   Thumb Code     0  dflt_clz.o(x$fpl$dfltu)
    _dfltu                                   0x000010b3   Thumb Code    38  dflt_clz.o(x$fpl$dfltu)
    __aeabi_dmul                             0x000010d9   Thumb Code     0  dmul.o(x$fpl$dmul)
    _dmul                                    0x000010d9   Thumb Code   332  dmul.o(x$fpl$dmul)
    __fpl_dnaninf                            0x0000122d   Thumb Code   156  dnaninf.o(x$fpl$dnaninf)
    __fpl_dretinf                            0x000012c9   Thumb Code    12  dretinf.o(x$fpl$dretinf)
    __aeabi_dsub                             0x000012d5   Thumb Code     0  daddsub_clz.o(x$fpl$dsub)
    _dsub                                    0x000012d5   Thumb Code   464  daddsub_clz.o(x$fpl$dsub)
    __aeabi_f2d                              0x000014a9   Thumb Code     0  f2d.o(x$fpl$f2d)
    _f2d                                     0x000014a9   Thumb Code    86  f2d.o(x$fpl$f2d)
    __aeabi_fadd                             0x00001501   Thumb Code     0  faddsub_clz.o(x$fpl$fadd)
    _fadd                                    0x00001501   Thumb Code   196  faddsub_clz.o(x$fpl$fadd)
    __aeabi_f2iz                             0x000015c5   Thumb Code     0  ffix.o(x$fpl$ffix)
    _ffix                                    0x000015c5   Thumb Code    54  ffix.o(x$fpl$ffix)
    __aeabi_i2f                              0x000015fd   Thumb Code     0  fflt_clz.o(x$fpl$fflt)
    _fflt                                    0x000015fd   Thumb Code    48  fflt_clz.o(x$fpl$fflt)
    __aeabi_fmul                             0x0000162d   Thumb Code     0  fmul.o(x$fpl$fmul)
    _fmul                                    0x0000162d   Thumb Code   258  fmul.o(x$fpl$fmul)
    __fpl_fnaninf                            0x0000172f   Thumb Code   140  fnaninf.o(x$fpl$fnaninf)
    __fpl_fretinf                            0x000017bb   Thumb Code    10  fretinf.o(x$fpl$fretinf)
    __aeabi_frsub                            0x000017c5   Thumb Code     0  faddsub_clz.o(x$fpl$frsb)
    _frsb                                    0x000017c5   Thumb Code    20  faddsub_clz.o(x$fpl$frsb)
    __aeabi_fsub                             0x000017d9   Thumb Code     0  faddsub_clz.o(x$fpl$fsub)
    _fsub                                    0x000017d9   Thumb Code   234  faddsub_clz.o(x$fpl$fsub)
    __I$use$fp                               0x000018c2   Number         0  usenofp.o(x$fpl$usenofp)
    Region$$Table$$Base                      0x000018c4   Number         0  anon$$obj.o(Region$$Table)
    Region$$Table$$Limit                     0x000018e4   Number         0  anon$$obj.o(Region$$Table)
    SystemCoreClock                          0x20000000   Data           4  system_tm4c123.o(.data)
    __libspace_start                         0x20000004   Data          96  libspace.o(.bss)
    __temporary_stack_top$libspace           0x20000064   Data           0  libspace.o(.bss)



==============================================================================

Memory Map of the image

  Image Entry point : 0x00000311

  Load Region LR_1 (Base: 0x00000000, Size: 0x000018e8, Max: 0xffffffff, ABSOLUTE)

    Execution Region ER_RO (Base: 0x00000000, Size: 0x000018e4, Max: 0xffffffff, ABSOLUTE)

    Base Addr    Size         Type   Attr      Idx    E Section Name        Object

    0x00000000   0x0000026c   Data   RO            3    RESET               startup_tm4c123.o
    0x0000026c   0x00000008   Code   RO          239  * !!!main             c_w.l(__main.o)
    0x00000274   0x00000034   Code   RO          492    !!!scatter          c_w.l(__scatter.o)
    0x000002a8   0x0000001a   Code   RO          494    !!handler_copy      c_w.l(__scatter_copy.o)
    0x000002c2   0x00000002   PAD
    0x000002c4   0x0000001c   Code   RO          496    !!handler_zi        c_w.l(__scatter_zi.o)
    0x000002e0   0x00000002   Code   RO          432    .ARM.Collect$$libinit$$00000000  c_w.l(libinit.o)
    0x000002e2   0x00000000   Code   RO          318    .ARM.Collect$$libinit$$00000002  c_w.l(libinit2.o)
    0x000002e2   0x00000008   Code   RO          319    .ARM.Collect$$libinit$$00000003  c_w.l(libinit2.o)
    0x000002ea   0x00000000   Code   RO          321    .ARM.Collect$$libinit$$00000008  c_w.l(libinit2.o)
    0x000002ea   0x00000000   Code   RO          323    .ARM.Collect$$libinit$$0000000A  c_w.l(libinit2.o)
    0x000002ea   0x00000000   Code   RO          325    .ARM.Collect$$libinit$$0000000C  c_w.l(libinit2.o)
    0x000002ea   0x00000000   Code   RO          328    .ARM.Collect$$libinit$$0000000F  c_w.l(libinit2.o)
    0x000002ea   0x00000000   Code   RO          330    .ARM.Collect$$libinit$$00000011  c_w.l(libinit2.o)
    0x000002ea   0x00000000   Code   RO          332    .ARM.Collect$$libinit$$00000013  c_w.l(libinit2.o)
    0x000002ea   0x00000000   Code   RO          334    .ARM.Collect$$libinit$$00000015  c_w.l(libinit2.o)
    0x000002ea   0x00000000   Code   RO          336    .ARM.Collect$$libinit$$00000017  c_w.l(libinit2.o)
    0x000002ea   0x00000000   Code   RO          338    .ARM.Collect$$libinit$$00000019  c_w.l(libinit2.o)
    0x000002ea   0x00000000   Code   RO          340    .ARM.Collect$$libinit$$0000001B  c_w.l(libinit2.o)
    0x000002ea   0x00000000   Code   RO          342    .ARM.Collect$$libinit$$0000001D  c_w.l(libinit2.o)
    0x000002ea   0x00000000   Code   RO          344    .ARM.Collect$$libinit$$0000001F  c_w.l(libinit2.o)
    0x000002ea   0x00000000   Code   RO          346    .ARM.Collect$$libinit$$00000021  c_w.l(libinit2.o)
    0x000002ea   0x00000000   Code   RO          348    .ARM.Collect$$libinit$$00000023  c_w.l(libinit2.o)
    0x000002ea   0x00000000   Code   RO          352    .ARM.Collect$$libinit$$0000002A  c_w.l(libinit2.o)
    0x000002ea   0x00000000   Code   RO          354    .ARM.Collect$$libinit$$0000002C  c_w.l(libinit2.o)
    0x000002ea   0x00000000   Code   RO          356    .ARM.Collect$$libinit$$0000002E  c_w.l(libinit2.o)
    0x000002ea   0x00000000   Code   RO          358    .ARM.Collect$$libinit$$00000030  c_w.l(libinit2.o)
    0x000002ea   0x00000002   Code   RO          359    .ARM.Collect$$libinit$$00000031  c_w.l(libinit2.o)
    0x000002ec   0x00000002   Code   RO          489    .ARM.Collect$$libshutdown$$00000000  c_w.l(libshutdown.o)
    0x000002ee   0x00000000   Code   RO          447    .ARM.Collect$$libshutdown$$00000003  c_w.l(libshutdown2.o)
    0x000002ee   0x00000000   Code   RO          450    .ARM.Collect$$libshutdown$$00000006  c_w.l(libshutdown2.o)
    0x000002ee   0x00000000   Code   RO          453    .ARM.Collect$$libshutdown$$00000009  c_w.l(libshutdown2.o)
    0x000002ee   0x00000000   Code   RO          455    .ARM.Collect$$libshutdown$$0000000B  c_w.l(libshutdown2.o)
    0x000002ee   0x00000000   Code   RO          458    .ARM.Collect$$libshutdown$$0000000E  c_w.l(libshutdown2.o)
    0x000002ee   0x00000002   Code   RO          459    .ARM.Collect$$libshutdown$$0000000F  c_w.l(libshutdown2.o)
    0x000002f0   0x00000000   Code   RO          287    .ARM.Collect$$rtentry$$00000000  c_w.l(rtentry.o)
    0x000002f0   0x00000000   Code   RO          375    .ARM.Collect$$rtentry$$00000002  c_w.l(rtentry2.o)
    0x000002f0   0x00000006   Code   RO          387    .ARM.Collect$$rtentry$$00000004  c_w.l(rtentry4.o)
    0x000002f6   0x00000000   Code   RO          377    .ARM.Collect$$rtentry$$00000009  c_w.l(rtentry2.o)
    0x000002f6   0x00000004   Code   RO          378    .ARM.Collect$$rtentry$$0000000A  c_w.l(rtentry2.o)
    0x000002fa   0x00000000   Code   RO          380    .ARM.Collect$$rtentry$$0000000C  c_w.l(rtentry2.o)
    0x000002fa   0x00000008   Code   RO          381    .ARM.Collect$$rtentry$$0000000D  c_w.l(rtentry2.o)
    0x00000302   0x00000002   Code   RO          435    .ARM.Collect$$rtexit$$00000000  c_w.l(rtexit.o)
    0x00000304   0x00000000   Code   RO          463    .ARM.Collect$$rtexit$$00000002  c_w.l(rtexit2.o)
    0x00000304   0x00000004   Code   RO          464    .ARM.Collect$$rtexit$$00000003  c_w.l(rtexit2.o)
    0x00000308   0x00000006   Code   RO          465    .ARM.Collect$$rtexit$$00000004  c_w.l(rtexit2.o)
    0x0000030e   0x00000002   PAD
    0x00000310   0x00000000   Code   RO          391    .emb_text           c_w.l(maybetermalloc1.o)
    0x00000310   0x00000118   Code   RO            4  * .text               startup_tm4c123.o
    0x00000428   0x000001bc   Code   RO           12    .text               system_tm4c123.o
    0x000005e4   0x00000128   Code   RO           61    .text               main_file.o
    0x0000070c   0x000001c4   Code   RO          143    .text               uart0.o
    0x000008d0   0x0000005e   Code   RO          177    .text               c_w.l(h1_alloc.o)
    0x0000092e   0x0000004e   Code   RO          179    .text               c_w.l(h1_free.o)
    0x0000097c   0x00000080   Code   RO          235    .text               c_w.l(strcmpv7m.o)
    0x000009fc   0x00000006   Code   RO          237    .text               c_w.l(heapauxi.o)
    0x00000a02   0x00000002   PAD
    0x00000a04   0x00000008   Code   RO          291    .text               c_w.l(rt_heap_descriptor_intlibspace.o)
    0x00000a0c   0x00000004   Code   RO          293    .text               c_w.l(hguard.o)
    0x00000a10   0x0000008a   Code   RO          295    .text               c_w.l(init_alloc.o)
    0x00000a9a   0x0000000e   Code   RO          299    .text               c_w.l(h1_init.o)
    0x00000aa8   0x00000008   Code   RO          371    .text               c_w.l(libspace.o)
    0x00000ab0   0x00000034   Code   RO          393    .text               c_w.l(h1_extend.o)
    0x00000ae4   0x0000000e   Code   RO          397    .text               c_w.l(defsig_rtmem_outer.o)
    0x00000af2   0x00000002   Code   RO          408    .text               c_w.l(use_no_semi.o)
    0x00000af4   0x00000000   Code   RO          410    .text               c_w.l(indicate_semi.o)
    0x00000af4   0x0000004a   Code   RO          411    .text               c_w.l(sys_stackheap_outer.o)
    0x00000b3e   0x0000000c   Code   RO          417    .text               c_w.l(exit.o)
    0x00000b4a   0x0000000a   Code   RO          419    .text               c_w.l(defsig_exit.o)
    0x00000b54   0x00000050   Code   RO          421    .text               c_w.l(defsig_rtmem_inner.o)
    0x00000ba4   0x0000000c   Code   RO          433    .text               c_w.l(sys_exit.o)
    0x00000bb0   0x00000032   Code   RO          443    .text               c_w.l(defsig_general.o)
    0x00000be2   0x0000000e   Code   RO          460    .text               c_w.l(sys_wrch.o)
    0x00000bf0   0x00000062   Code   RO          241    x$fpl$d2f           fz_ws.l(d2f.o)
    0x00000c52   0x00000002   PAD
    0x00000c54   0x00000150   Code   RO          243    x$fpl$dadd          fz_ws.l(daddsub_clz.o)
    0x00000da4   0x000002b0   Code   RO          250    x$fpl$ddiv          fz_ws.l(ddiv.o)
    0x00001054   0x0000005e   Code   RO          253    x$fpl$dfix          fz_ws.l(dfix.o)
    0x000010b2   0x00000026   Code   RO          257    x$fpl$dfltu         fz_ws.l(dflt_clz.o)
    0x000010d8   0x00000154   Code   RO          263    x$fpl$dmul          fz_ws.l(dmul.o)
    0x0000122c   0x0000009c   Code   RO          360    x$fpl$dnaninf       fz_ws.l(dnaninf.o)
    0x000012c8   0x0000000c   Code   RO          362    x$fpl$dretinf       fz_ws.l(dretinf.o)
    0x000012d4   0x000001d4   Code   RO          245    x$fpl$dsub          fz_ws.l(daddsub_clz.o)
    0x000014a8   0x00000056   Code   RO          265    x$fpl$f2d           fz_ws.l(f2d.o)
    0x000014fe   0x00000002   PAD
    0x00001500   0x000000c4   Code   RO          267    x$fpl$fadd          fz_ws.l(faddsub_clz.o)
    0x000015c4   0x00000036   Code   RO          273    x$fpl$ffix          fz_ws.l(ffix.o)
    0x000015fa   0x00000002   PAD
    0x000015fc   0x00000030   Code   RO          278    x$fpl$fflt          fz_ws.l(fflt_clz.o)
    0x0000162c   0x00000102   Code   RO          283    x$fpl$fmul          fz_ws.l(fmul.o)
    0x0000172e   0x0000008c   Code   RO          364    x$fpl$fnaninf       fz_ws.l(fnaninf.o)
    0x000017ba   0x0000000a   Code   RO          366    x$fpl$fretinf       fz_ws.l(fretinf.o)
    0x000017c4   0x00000014   Code   RO          268    x$fpl$frsb          fz_ws.l(faddsub_clz.o)
    0x000017d8   0x000000ea   Code   RO          269    x$fpl$fsub          fz_ws.l(faddsub_clz.o)
    0x000018c2   0x00000000   Code   RO          368    x$fpl$usenofp       fz_ws.l(usenofp.o)
    0x000018c2   0x00000002   PAD
    0x000018c4   0x00000020   Data   RO          490    Region$$Table       anon$$obj.o


    Execution Region ER_RW (Base: 0x20000000, Size: 0x00000004, Max: 0xffffffff, ABSOLUTE)

    Base Addr    Size         Type   Attr      Idx    E Section Name        Object

    0x20000000   0x00000004   Data   RW           13    .data               system_tm4c123.o


    Execution Region ER_ZI (Base: 0x20000004, Size: 0x00000464, Max: 0xffffffff, ABSOLUTE)

    Base Addr    Size         Type   Attr      Idx    E Section Name        Object

    0x20000004   0x00000060   Zero   RW          372    .bss                c_w.l(libspace.o)
    0x20000064   0x00000004   PAD
    0x20000068   0x00000200   Zero   RW            2    HEAP                startup_tm4c123.o
    0x20000268   0x00000200   Zero   RW            1    STACK               startup_tm4c123.o


==============================================================================

Image component sizes


      Code (inc. data)   RO Data    RW Data    ZI Data      Debug   Object Name

       296         74          0          0          0       1156   main_file.o
       280         28        620          0       1024       5332   startup_tm4c123.o
       444        102          0          4          0       5381   system_tm4c123.o
       452         46          0          0          0       1611   uart0.o

    ----------------------------------------------------------------------
      1472        250        652          4       1024      13480   Object Totals
         0          0         32          0          0          0   (incl. Generated)
         0          0          0          0          0          0   (incl. Padding)

    ----------------------------------------------------------------------

      Code (inc. data)   RO Data    RW Data    ZI Data      Debug   Library Member Name

         8          0          0          0          0         68   __main.o
        52          8          0          0          0          0   __scatter.o
        26          0          0          0          0          0   __scatter_copy.o
        28          0          0          0          0          0   __scatter_zi.o
        10          0          0          0          0         68   defsig_exit.o
        50          0          0          0          0         88   defsig_general.o
        80         58          0          0          0         76   defsig_rtmem_inner.o
        14          0          0          0          0         80   defsig_rtmem_outer.o
        12          0          0          0          0         72   exit.o
        94          0          0          0          0         80   h1_alloc.o
        52          0          0          0          0         68   h1_extend.o
        78          0          0          0          0         80   h1_free.o
        14          0          0          0          0         84   h1_init.o
         6          0          0          0          0        152   heapauxi.o
         4          0          0          0          0        136   hguard.o
         0          0          0          0          0          0   indicate_semi.o
       138          0          0          0          0        168   init_alloc.o
         2          0          0          0          0          0   libinit.o
        10          0          0          0          0          0   libinit2.o
         2          0          0          0          0          0   libshutdown.o
         2          0          0          0          0          0   libshutdown2.o
         8          4          0          0         96         68   libspace.o
         0          0          0          0          0          0   maybetermalloc1.o
         8          4          0          0          0         68   rt_heap_descriptor_intlibspace.o
         0          0          0          0          0          0   rtentry.o
        12          0          0          0          0          0   rtentry2.o
         6          0          0          0          0          0   rtentry4.o
         2          0          0          0          0          0   rtexit.o
        10          0          0          0          0          0   rtexit2.o
       128          0          0          0          0         68   strcmpv7m.o
        12          4          0          0          0         68   sys_exit.o
        74          0          0          0          0         80   sys_stackheap_outer.o
        14          0          0          0          0         76   sys_wrch.o
         2          0          0          0          0         68   use_no_semi.o
        98          4          0          0          0         92   d2f.o
       804         16          0          0          0        272   daddsub_clz.o
       688        140          0          0          0        208   ddiv.o
        94          4          0          0          0         92   dfix.o
        38          0          0          0          0         68   dflt_clz.o
       340         12          0          0          0        104   dmul.o
       156          4          0          0          0         92   dnaninf.o
        12          0          0          0          0         68   dretinf.o
        86          4          0          0          0         84   f2d.o
       450          8          0          0          0        236   faddsub_clz.o
        54          4          0          0          0         84   ffix.o
        48          0          0          0          0         68   fflt_clz.o
       258          4          0          0          0         84   fmul.o
       140          4          0          0          0         84   fnaninf.o
        10          0          0          0          0         68   fretinf.o
         0          0          0          0          0          0   usenofp.o

    ----------------------------------------------------------------------
      4248        282          0          0        100       3420   Library Totals
        14          0          0          0          4          0   (incl. Padding)

    ----------------------------------------------------------------------

      Code (inc. data)   RO Data    RW Data    ZI Data      Debug   Library Name

       958         78          0          0         96       1716   c_w.l
      3276        204          0          0          0       1704   fz_ws.l

    ----------------------------------------------------------------------
      4248        282          0          0        100       3420   Library Totals

    ----------------------------------------------------------------------

==============================================================================


      Code (inc. data)   RO Data    RW Data    ZI Data      Debug   

      5720        532        652          4       1124      14716   Grand Totals
      5720        532        652          4       1124      14716   ELF Image Totals
      5720        532        652          4          0          0   ROM Totals

==============================================================================

    Total RO  Size (Code + RO Data)                 6372 (   6.22kB)
    Total RW  Size (RW Data + ZI Data)              1128 (   1.10kB)
    Total ROM Size (Code + RO Data + RW Data)       6376 (   6.23kB)

==============================================================================

