<html>
<body>
<pre>
<h1>µVision Build Log</h1>
<h2>Project:</h2>
C:\Users\Ashutosh\Desktop\UART MAKING\hello_launcpad.uvproj
Project File Date:  12/30/2015

<h2>Output:</h2>
Build target 'Target 1'
linking...
Program Size: Code=5720 RO-data=652 RW-data=4 ZI-data=1124  
FromELF: creating hex file...
".\hello_launcpad.axf" - 0 Error(s), 0 Warning(s).
Load "C:\\Users\\Ashutosh\\Desktop\\UART MAKING\\hello_launcpad.axf" 
Connecting: Mode=JTAG, Speed=1000000Hz
Erase Done.
Programming Done.
Verify OK.
: Code=5720 RO-data=652 RW-data=4 ZI-data=1124  
FromELF: creating hex file...
".\hello_launcpad.axf" - 0 Error(s), 2 Warning(s).
Size: Code=5712 RO-data=652 RW-data=4 ZI-data=1124  
FromELF: creating hex file...
".\hello_launcpad.axf" - 0 Error(s), 3 Warning(s).
